[48;2;82;38;17m [0m[48;2;84;47;24m [0m[48;2;86;54;26m [0m[48;2;101;67;37m [0m[48;2;113;79;55m [0m[48;2;94;56;38m [0m[48;2;89;49;34m [0m[48;2;103;65;49m [0m[48;2;80;51;36m [0m[48;2;90;58;38m [0m[48;2;119;80;58m [0m[48;2;95;59;38m [0m[48;2;80;53;36m [0m[48;2;101;73;58m [0m[48;2;102;73;48m [0m[48;2;97;67;50m [0m[48;2;90;56;38m [0m[48;2;100;64;54m [0m[48;2;116;82;64m [0m[48;2;102;70;53m [0m[48;2;66;41;29m [0m[48;2;90;64;48m [0m[48;2;110;78;62m [0m[48;2;94;61;51m [0m[48;2;88;54;47m [0m[48;2;96;62;50m [0m[48;2;113;80;64m [0m[48;2;98;68;55m [0m[48;2;101;71;55m [0m[48;2;103;70;55m [0m[48;2;115;79;66m [0m[48;2;115;82;70m [0m[48;2;110;76;65m [0m[48;2;94;58;47m [0m[48;2;102;67;56m [0m[48;2;92;62;51m [0m[48;2;119;83;66m [0m[48;2;127;89;67m [0m[48;2;122;84;66m [0m[48;2;133;95;83m [0m[48;2;118;80;72m [0m[48;2;106;73;64m [0m[48;2;121;95;83m [0m[48;2;132;107;90m [0m[48;2;132;100;86m [0m[48;2;139;104;95m [0m[48;2;131;102;92m [0m[48;2;134;113;98m [0m[48;2;125;106;91m [0m[48;2;142;119;103m [0m[48;2;139;112;92m [0m[48;2;142;110;92m [0m[48;2;149;116;98m [0m[48;2;150;118;101m [0m[48;2;149;115;97m [0m[48;2;150;118;94m [0m[48;2;161;126;104m [0m[48;2;157;121;101m [0m[48;2;152;118;95m [0m[48;2;156;118;98m [0m[48;2;149;110;90m [0m[48;2;151;112;94m [0m[48;2;152;113;97m [0m[48;2;158;120;97m [0m[48;2;156;120;96m [0m[48;2;152;113;89m [0m[48;2;155;109;80m [0m[48;2;155;114;86m [0m[48;2;158;113;89m [0m[48;2;162;110;89m [0m[48;2;173;121;100m [0m[48;2;168;124;98m [0m[48;2;157;116;91m [0m[48;2;152;112;86m [0m[48;2;149;108;82m [0m[48;2;170;125;101m [0m[48;2;162;115;91m [0m[48;2;160;115;90m [0m[48;2;149;107;77m [0m[48;2;143;108;83m [0m[48;2;138;106;82m [0m[48;2;144;109;85m [0m[48;2;138;96;73m [0m[48;2;133;88;68m [0m[48;2;131;92;72m [0m[48;2;121;89;66m [0m[48;2;119;80;61m [0m[48;2;125;85;73m [0m[48;2;122;86;72m [0m[48;2;104;73;55m [0m[48;2;101;66;56m [0m[48;2;103;71;65m [0m[48;2;98;70;60m [0m[48;2;91;62;45m [0m[48;2;82;53;36m [0m[48;2;82;59;45m [0m[48;2;79;60;47m [0m[48;2;67;48;32m [0m[48;2;54;40;28m [0m[48;2;48;35;25m [0m[48;2;35;26;19m [0m[48;2;26;22;20m [0m[48;2;16;10;8m [0m[48;2;7;2;0m [0m[48;2;6;3;1m [0m[48;2;17;13;11m [0m[48;2;1;0;0m [0m[48;2;0;0;0m [0m[48;2;0;0;0m [0m[48;2;0;0;0m [0m[48;2;0;0;0m [0m[48;2;0;0;0m [0m[48;2;0;0;0m [0m[48;2;7;0;0m [0m[48;2;30;16;10m [0m[48;2;29;10;0m [0m[48;2;20;3;0m [0m[48;2;13;0;0m [0m[48;2;7;0;0m [0m[48;2;3;0;0m [0m
[48;2;92;53;31m [0m[48;2;88;48;26m [0m[48;2;102;64;40m [0m[48;2;108;72;43m [0m[48;2;112;73;45m [0m[48;2;116;77;54m [0m[48;2;100;60;40m [0m[48;2;110;71;51m [0m[48;2;97;66;51m [0m[48;2;110;77;60m [0m[48;2;118;79;54m [0m[48;2;114;73;55m [0m[48;2;103;70;56m [0m[48;2;115;79;62m [0m[48;2;116;76;61m [0m[48;2;124;83;68m [0m[48;2;95;59;44m [0m[48;2;121;88;66m [0m[48;2;115;84;56m [0m[48;2;100;67;47m [0m[48;2;110;76;55m [0m[48;2;113;80;61m [0m[48;2;112;80;61m [0m[48;2;125;86;70m [0m[48;2;126;88;71m [0m[48;2;125;89;72m [0m[48;2;126;88;73m [0m[48;2;127;92;73m [0m[48;2;134;95;71m [0m[48;2;142;102;79m [0m[48;2;130;92;74m [0m[48;2;131;90;72m [0m[48;2;127;88;70m [0m[48;2;131;92;74m [0m[48;2;138;100;82m [0m[48;2;148;107;90m [0m[48;2;140;102;84m [0m[48;2;139;98;79m [0m[48;2;146;104;84m [0m[48;2;137;103;80m [0m[48;2;146;112;90m [0m[48;2;150;112;92m [0m[48;2;154;115;95m [0m[48;2;146;109;85m [0m[48;2;152;115;97m [0m[48;2;150;113;98m [0m[48;2;151;114;97m [0m[48;2;156;119;94m [0m[48;2;156;119;94m [0m[48;2;158;121;96m [0m[48;2;158;122;96m [0m[48;2;161;121;92m [0m[48;2;166;131;106m [0m[48;2;169;133;114m [0m[48;2;168;127;109m [0m[48;2;163;127;102m [0m[48;2;160;127;97m [0m[48;2;162;126;102m [0m[48;2;164;125;108m [0m[48;2;173;138;118m [0m[48;2;169;132;106m [0m[48;2;170;128;101m [0m[48;2;169;124;100m [0m[48;2;166;120;90m [0m[48;2;164;122;89m [0m[48;2;167;122;89m [0m[48;2;174;121;92m [0m[48;2;167;114;84m [0m[48;2;169;116;90m [0m[48;2;175;122;100m [0m[48;2;172;122;95m [0m[48;2;168;120;94m [0m[48;2;163;120;95m [0m[48;2;160;118;91m [0m[48;2;168;119;89m [0m[48;2;172;120;92m [0m[48;2;167;114;89m [0m[48;2;167;114;88m [0m[48;2;164;112;88m [0m[48;2;151;106;78m [0m[48;2;145;106;77m [0m[48;2;142;101;73m [0m[48;2;151;103;78m [0m[48;2;150;102;74m [0m[48;2;144;102;76m [0m[48;2;139;101;78m [0m[48;2;142;101;74m [0m[48;2;140;103;83m [0m[48;2;125;91;71m [0m[48;2;122;89;65m [0m[48;2;126;84;64m [0m[48;2;125;83;66m [0m[48;2;122;84;66m [0m[48;2;121;84;64m [0m[48;2;121;82;61m [0m[48;2;118;79;58m [0m[48;2;112;73;53m [0m[48;2;104;68;47m [0m[48;2;106;74;53m [0m[48;2;97;68;49m [0m[48;2;83;58;44m [0m[48;2;70;50;41m [0m[48;2;68;48;36m [0m[48;2;56;40;32m [0m[48;2;44;31;26m [0m[48;2;32;23;16m [0m[48;2;14;10;7m [0m[48;2;0;0;0m [0m[48;2;0;0;0m [0m[48;2;1;1;0m [0m[48;2;0;0;0m [0m[48;2;0;0;0m [0m[48;2;0;0;0m [0m[48;2;0;0;0m [0m[48;2;3;0;0m [0m[48;2;18;7;0m [0m[48;2;23;11;0m [0m[48;2;14;3;0m [0m[48;2;6;0;0m [0m[48;2;1;0;0m [0m
[48;2;109;71;44m [0m[48;2;103;64;43m [0m[48;2;109;70;51m [0m[48;2;125;84;64m [0m[48;2;128;90;70m [0m[48;2;126;90;68m [0m[48;2;112;77;55m [0m[48;2;126;91;70m [0m[48;2;110;76;64m [0m[48;2;126;91;76m [0m[48;2;121;86;60m [0m[48;2;125;85;66m [0m[48;2;130;86;78m [0m[48;2;136;95;79m [0m[48;2;125;85;66m [0m[48;2;148;108;80m [0m[48;2;132;92;67m [0m[48;2;138;98;73m [0m[48;2;130;84;58m [0m[48;2;137;92;67m [0m[48;2;142;100;73m [0m[48;2;134;92;70m [0m[48;2;145;103;82m [0m[48;2;142;100;72m [0m[48;2;150;101;77m [0m[48;2;142;100;74m [0m[48;2;148;107;80m [0m[48;2;138;96;67m [0m[48;2;149;100;71m [0m[48;2;152;106;77m [0m[48;2;148;103;74m [0m[48;2;148;95;66m [0m[48;2;155;102;78m [0m[48;2;155;108;83m [0m[48;2;157;115;89m [0m[48;2;162;116;91m [0m[48;2;162;115;91m [0m[48;2;163;115;92m [0m[48;2;163;113;89m [0m[48;2;163;120;94m [0m[48;2;170;125;101m [0m[48;2;166;118;91m [0m[48;2;166;120;86m [0m[48;2;167;119;86m [0m[48;2;169;126;97m [0m[48;2;168;126;100m [0m[48;2;170;124;97m [0m[48;2;172;126;102m [0m[48;2;174;128;108m [0m[48;2;181;134;112m [0m[48;2;179;133;106m [0m[48;2;176;131;103m [0m[48;2;175;128;98m [0m[48;2;172;130;101m [0m[48;2;180;136;108m [0m[48;2;184;132;106m [0m[48;2;186;130;102m [0m[48;2;181;125;96m [0m[48;2;188;133;103m [0m[48;2;182;128;98m [0m[48;2;180;126;97m [0m[48;2;182;127;98m [0m[48;2;181;126;97m [0m[48;2;178;124;94m [0m[48;2;185;130;96m [0m[48;2;187;132;100m [0m[48;2;184;128;102m [0m[48;2;181;125;97m [0m[48;2;174;118;86m [0m[48;2;173;119;84m [0m[48;2;170;120;84m [0m[48;2;176;119;84m [0m[48;2;176;118;80m [0m[48;2;175;119;80m [0m[48;2;184;125;94m [0m[48;2;180;118;90m [0m[48;2;164;108;73m [0m[48;2;172;122;79m [0m[48;2;178;122;86m [0m[48;2;173;118;86m [0m[48;2;172;116;86m [0m[48;2;164;108;78m [0m[48;2;173;116;85m [0m[48;2;169;115;84m [0m[48;2;169;114;84m [0m[48;2;168;112;83m [0m[48;2;163;113;83m [0m[48;2;161;109;78m [0m[48;2;162;114;80m [0m[48;2;155;109;76m [0m[48;2;155;109;76m [0m[48;2;151;107;70m [0m[48;2;149;103;70m [0m[48;2;142;96;68m [0m[48;2;140;96;72m [0m[48;2;133;91;66m [0m[48;2;125;84;60m [0m[48;2;118;77;59m [0m[48;2;114;79;58m [0m[48;2;110;73;56m [0m[48;2;109;73;58m [0m[48;2;101;72;54m [0m[48;2;88;64;47m [0m[48;2;84;60;44m [0m[48;2;85;58;43m [0m[48;2;78;51;40m [0m[48;2;54;36;30m [0m[48;2;41;24;19m [0m[48;2;35;19;16m [0m[48;2;16;8;8m [0m[48;2;12;6;3m [0m[48;2;0;0;0m [0m[48;2;0;0;0m [0m[48;2;0;0;0m [0m[48;2;0;0;0m [0m[48;2;0;0;0m [0m[48;2;3;6;0m [0m[48;2;7;3;0m [0m[48;2;8;0;0m [0m[48;2;5;0;0m [0m
[48;2;118;80;51m [0m[48;2;122;83;60m [0m[48;2;119;79;65m [0m[48;2;120;83;71m [0m[48;2;124;89;67m [0m[48;2;126;97;73m [0m[48;2;130;102;78m [0m[48;2;130;95;73m [0m[48;2;127;91;72m [0m[48;2;138;102;77m [0m[48;2;136;101;72m [0m[48;2;133;98;72m [0m[48;2;148;104;83m [0m[48;2;157;112;89m [0m[48;2;146;102;70m [0m[48;2;132;94;66m [0m[48;2;132;96;73m [0m[48;2;145;98;77m [0m[48;2;148;96;78m [0m[48;2;160;114;89m [0m[48;2;140;101;68m [0m[48;2;130;92;61m [0m[48;2;144;106;77m [0m[48;2;151;108;77m [0m[48;2;145;97;73m [0m[48;2;151;102;77m [0m[48;2;162;114;89m [0m[48;2;158;104;85m [0m[48;2;164;109;83m [0m[48;2;161;108;77m [0m[48;2;161;107;77m [0m[48;2;167;113;84m [0m[48;2;172;120;95m [0m[48;2;172;122;98m [0m[48;2;172;122;97m [0m[48;2;166;116;90m [0m[48;2;166;112;85m [0m[48;2;172;115;88m [0m[48;2;175;119;91m [0m[48;2;181;127;98m [0m[48;2;180;122;96m [0m[48;2;179;122;92m [0m[48;2;180;127;90m [0m[48;2;178;126;90m [0m[48;2;185;133;103m [0m[48;2;193;142;116m [0m[48;2;190;140;113m [0m[48;2;196;142;108m [0m[48;2;184;132;95m [0m[48;2;185;134;102m [0m[48;2;186;136;112m [0m[48;2;190;142;114m [0m[48;2;188;131;98m [0m[48;2;190;131;104m [0m[48;2;198;144;113m [0m[48;2;190;131;101m [0m[48;2;190;131;102m [0m[48;2;188;133;102m [0m[48;2;185;132;100m [0m[48;2;187;128;97m [0m[48;2;186;126;92m [0m[48;2;191;132;98m [0m[48;2;186;128;95m [0m[48;2;186;128;94m [0m[48;2;190;134;98m [0m[48;2;185;130;96m [0m[48;2;185;130;102m [0m[48;2;191;140;109m [0m[48;2;188;134;102m [0m[48;2;178;120;90m [0m[48;2;187;130;102m [0m[48;2;192;132;98m [0m[48;2;185;124;88m [0m[48;2;182;124;88m [0m[48;2;181;125;88m [0m[48;2;186;122;89m [0m[48;2;182;124;90m [0m[48;2;170;121;83m [0m[48;2;172;122;80m [0m[48;2;181;121;88m [0m[48;2;181;121;88m [0m[48;2;174;119;82m [0m[48;2;175;120;83m [0m[48;2;175;118;85m [0m[48;2;180;124;92m [0m[48;2;172;116;85m [0m[48;2;175;122;90m [0m[48;2;180;120;88m [0m[48;2;172;113;78m [0m[48;2;168;114;76m [0m[48;2;166;110;74m [0m[48;2;162;107;71m [0m[48;2;164;108;72m [0m[48;2;160;103;70m [0m[48;2;156;102;72m [0m[48;2;150;109;76m [0m[48;2;140;97;64m [0m[48;2;136;92;61m [0m[48;2;131;94;65m [0m[48;2;125;85;59m [0m[48;2;120;77;51m [0m[48;2;120;80;54m [0m[48;2;109;68;44m [0m[48;2;106;70;48m [0m[48;2;98;65;47m [0m[48;2;89;58;41m [0m[48;2;83;56;43m [0m[48;2;73;50;36m [0m[48;2;61;41;26m [0m[48;2;48;32;23m [0m[48;2;38;26;19m [0m[48;2;22;16;11m [0m[48;2;5;1;0m [0m[48;2;0;0;0m [0m[48;2;0;0;0m [0m[48;2;0;0;0m [0m[48;2;0;0;0m [0m[48;2;2;0;0m [0m[48;2;8;0;0m [0m[48;2;3;0;0m [0m
[48;2;132;94;66m [0m[48;2;133;94;67m [0m[48;2;134;96;71m [0m[48;2;121;85;64m [0m[48;2;124;91;71m [0m[48;2;134;103;85m [0m[48;2;137;104;85m [0m[48;2;137;104;85m [0m[48;2;130;102;78m [0m[48;2;120;92;72m [0m[48;2;121;90;73m [0m[48;2;126;91;73m [0m[48;2;130;91;71m [0m[48;2;139;97;76m [0m[48;2;138;101;80m [0m[48;2;102;74;64m [0m[48;2;100;73;60m [0m[48;2;149;103;72m [0m[48;2;155;108;74m [0m[48;2;158;110;82m [0m[48;2;115;78;58m [0m[48;2;102;76;56m [0m[48;2;108;78;60m [0m[48;2;149;106;71m [0m[48;2;169;115;91m [0m[48;2;172;116;92m [0m[48;2;173;118;90m [0m[48;2;170;114;80m [0m[48;2;168;119;89m [0m[48;2;170;125;95m [0m[48;2;176;133;101m [0m[48;2;180;136;103m [0m[48;2;174;127;101m [0m[48;2;176;127;104m [0m[48;2;178;128;104m [0m[48;2;179;124;96m [0m[48;2;184;127;98m [0m[48;2;188;133;103m [0m[48;2;185;132;100m [0m[48;2;186;133;101m [0m[48;2;182;128;96m [0m[48;2;188;133;101m [0m[48;2;188;133;101m [0m[48;2;190;140;110m [0m[48;2;191;137;109m [0m[48;2;185;130;101m [0m[48;2;191;139;104m [0m[48;2;196;134;101m [0m[48;2;188;128;90m [0m[48;2;192;136;101m [0m[48;2;191;137;110m [0m[48;2;191;139;112m [0m[48;2;199;144;112m [0m[48;2;202;143;110m [0m[48;2;194;139;110m [0m[48;2;184;131;95m [0m[48;2;184;133;94m [0m[48;2;194;142;103m [0m[48;2;193;131;97m [0m[48;2;196;138;101m [0m[48;2;202;150;113m [0m[48;2;192;128;97m [0m[48;2;164;98;51m [0m[48;2;188;122;86m [0m[48;2;187;134;95m [0m[48;2;185;128;96m [0m[48;2;192;136;109m [0m[48;2;198;143;116m [0m[48;2;158;104;73m [0m[48;2;163;109;76m [0m[48;2;191;136;104m [0m[48;2;186;133;104m [0m[48;2;190;134;103m [0m[48;2;192;134;100m [0m[48;2;193;140;106m [0m[48;2;186;133;97m [0m[48;2;190;133;98m [0m[48;2;191;136;101m [0m[48;2;188;134;102m [0m[48;2;174;115;78m [0m[48;2;176;113;79m [0m[48;2;188;128;95m [0m[48;2;184;130;92m [0m[48;2;185;132;98m [0m[48;2;179;125;94m [0m[48;2;186;131;100m [0m[48;2;158;101;73m [0m[48;2;145;90;64m [0m[48;2;179;120;83m [0m[48;2;180;118;85m [0m[48;2;179;115;90m [0m[48;2;178;119;90m [0m[48;2;170;108;67m [0m[48;2;174;115;82m [0m[48;2;166;110;78m [0m[48;2;162;107;74m [0m[48;2;167;110;79m [0m[48;2;158;103;73m [0m[48;2;155;101;72m [0m[48;2;149;97;67m [0m[48;2;138;91;64m [0m[48;2;133;90;66m [0m[48;2;127;82;56m [0m[48;2;118;78;53m [0m[48;2;112;74;47m [0m[48;2;108;70;41m [0m[48;2;104;70;47m [0m[48;2;94;61;42m [0m[48;2;83;54;37m [0m[48;2;73;48;36m [0m[48;2;72;48;36m [0m[48;2;55;36;28m [0m[48;2;36;24;18m [0m[48;2;16;10;3m [0m[48;2;0;0;0m [0m[48;2;0;0;0m [0m[48;2;0;0;0m [0m[48;2;0;0;0m [0m[48;2;0;0;0m [0m[48;2;0;0;0m [0m
[48;2;138;90;65m [0m[48;2;137;98;71m [0m[48;2;137;102;73m [0m[48;2;142;102;77m [0m[48;2;138;100;78m [0m[48;2;136;96;77m [0m[48;2;148;108;89m [0m[48;2;145;106;86m [0m[48;2;140;107;84m [0m[48;2;101;80;71m [0m[48;2;78;65;58m [0m[48;2;89;73;66m [0m[48;2;86;67;58m [0m[48;2;127;96;77m [0m[48;2;144;104;84m [0m[48;2;155;109;84m [0m[48;2;158;107;84m [0m[48;2;143;101;82m [0m[48;2;125;91;71m [0m[48;2;140;102;78m [0m[48;2;158;108;83m [0m[48;2;139;92;68m [0m[48;2;148;101;77m [0m[48;2;175;121;90m [0m[48;2;163;108;83m [0m[48;2;130;91;77m [0m[48;2;137;95;74m [0m[48;2;166;113;82m [0m[48;2;182;120;94m [0m[48;2;176;124;102m [0m[48;2;175;127;98m [0m[48;2;184;139;104m [0m[48;2;179;131;100m [0m[48;2;182;130;100m [0m[48;2;187;131;100m [0m[48;2;193;138;107m [0m[48;2;182;128;95m [0m[48;2;185;130;98m [0m[48;2;191;136;108m [0m[48;2;181;126;98m [0m[48;2;187;133;104m [0m[48;2;190;137;107m [0m[48;2;184;131;101m [0m[48;2;179;124;86m [0m[48;2;190;131;100m [0m[48;2;192;136;107m [0m[48;2;184;131;97m [0m[48;2;190;136;104m [0m[48;2;191;137;109m [0m[48;2;196;142;114m [0m[48;2;193;138;109m [0m[48;2;194;138;109m [0m[48;2;194;137;108m [0m[48;2;192;136;107m [0m[48;2;196;140;110m [0m[48;2;192;134;106m [0m[48;2;188;136;101m [0m[48;2;203;150;113m [0m[48;2;184;124;89m [0m[48;2;180;122;85m [0m[48;2;182;124;82m [0m[48;2;179;114;70m [0m[48;2;151;74;11m [0m[48;2;187;133;91m [0m[48;2;196;144;106m [0m[48;2;184;133;100m [0m[48;2;161;114;86m [0m[48;2;174;126;102m [0m[48;2;138;86;59m [0m[48;2;176;122;90m [0m[48;2;197;142;106m [0m[48;2;184;130;90m [0m[48;2;196;137;100m [0m[48;2;196;132;97m [0m[48;2;194;133;97m [0m[48;2;187;133;94m [0m[48;2;193;137;98m [0m[48;2;196;136;98m [0m[48;2;197;136;108m [0m[48;2;162;101;45m [0m[48;2;161;97;47m [0m[48;2;194;133;96m [0m[48;2;194;139;104m [0m[48;2;191;136;104m [0m[48;2;184;128;97m [0m[48;2;192;138;102m [0m[48;2;102;51;31m [0m[48;2;134;85;58m [0m[48;2;203;143;110m [0m[48;2;186;128;100m [0m[48;2;182;125;96m [0m[48;2;179;126;96m [0m[48;2;179;124;91m [0m[48;2;176;115;86m [0m[48;2;181;120;92m [0m[48;2;178;116;86m [0m[48;2;173;113;83m [0m[48;2;169;113;83m [0m[48;2;167;109;79m [0m[48;2;167;110;79m [0m[48;2;163;107;77m [0m[48;2;163;108;78m [0m[48;2;151;100;74m [0m[48;2;138;94;64m [0m[48;2;127;85;51m [0m[48;2;126;80;50m [0m[48;2;118;80;59m [0m[48;2;116;76;55m [0m[48;2;108;67;45m [0m[48;2;92;60;43m [0m[48;2;90;58;41m [0m[48;2;86;51;36m [0m[48;2;73;40;24m [0m[48;2;55;29;18m [0m[48;2;31;18;12m [0m[48;2;10;1;0m [0m[48;2;0;0;0m [0m[48;2;0;0;0m [0m[48;2;0;0;0m [0m[48;2;0;0;0m [0m
[48;2;140;103;79m [0m[48;2;136;98;74m [0m[48;2;140;102;79m [0m[48;2;148;108;85m [0m[48;2;150;110;85m [0m[48;2;145;106;83m [0m[48;2;149;109;88m [0m[48;2;156;118;95m [0m[48;2;121;92;79m [0m[48;2;113;78;68m [0m[48;2;143;112;88m [0m[48;2;102;80;64m [0m[48;2;109;86;77m [0m[48;2;122;95;79m [0m[48;2;128;94;76m [0m[48;2;143;98;76m [0m[48;2;151;107;82m [0m[48;2;164;113;83m [0m[48;2;130;91;77m [0m[48;2;115;82;66m [0m[48;2;139;101;79m [0m[48;2;102;71;59m [0m[48;2;137;96;74m [0m[48;2;180;125;95m [0m[48;2;167;114;82m [0m[48;2;142;102;79m [0m[48;2;142;98;78m [0m[48;2;170;119;96m [0m[48;2;186;124;96m [0m[48;2;182;125;92m [0m[48;2;180;124;89m [0m[48;2;185;127;91m [0m[48;2;186;133;95m [0m[48;2;185;127;91m [0m[48;2;187;125;89m [0m[48;2;187;127;94m [0m[48;2;190;134;104m [0m[48;2;191;136;110m [0m[48;2;182;126;98m [0m[48;2;185;130;96m [0m[48;2;184;132;98m [0m[48;2;190;134;104m [0m[48;2;187;127;95m [0m[48;2;176;110;74m [0m[48;2;154;85;36m [0m[48;2;185;127;86m [0m[48;2;194;137;107m [0m[48;2;188;136;106m [0m[48;2;190;139;108m [0m[48;2;186;132;104m [0m[48;2;146;89;68m [0m[48;2;191;134;110m [0m[48;2;210;151;125m [0m[48;2;202;139;113m [0m[48;2;202;142;113m [0m[48;2;196;143;112m [0m[48;2;205;154;122m [0m[48;2;203;148;118m [0m[48;2;199;144;113m [0m[48;2;198;140;107m [0m[48;2;179;107;62m [0m[48;2;167;82;19m [0m[48;2;163;77;16m [0m[48;2;182;116;62m [0m[48;2;202;148;120m [0m[48;2;190;140;107m [0m[48;2;158;114;89m [0m[48;2;97;60;48m [0m[48;2;145;104;86m [0m[48;2;160;110;89m [0m[48;2;193;143;115m [0m[48;2;192;137;108m [0m[48;2;197;140;109m [0m[48;2;205;148;116m [0m[48;2;203;146;112m [0m[48;2;199;144;109m [0m[48;2;192;138;104m [0m[48;2;199;143;108m [0m[48;2;200;142;118m [0m[48;2;173;110;58m [0m[48;2;167;97;43m [0m[48;2;200;138;97m [0m[48;2;175;115;72m [0m[48;2;163;106;67m [0m[48;2;182;127;95m [0m[48;2;185;134;103m [0m[48;2;60;30;22m [0m[48;2;144;97;74m [0m[48;2;160;112;88m [0m[48;2;132;86;65m [0m[48;2;161;108;82m [0m[48;2;187;132;104m [0m[48;2;180;125;95m [0m[48;2;173;118;84m [0m[48;2;170;114;82m [0m[48;2;176;121;86m [0m[48;2;179;124;86m [0m[48;2;169;115;79m [0m[48;2;168;112;74m [0m[48;2;175;121;88m [0m[48;2;157;106;79m [0m[48;2;160;109;80m [0m[48;2;158;106;74m [0m[48;2;146;101;70m [0m[48;2;146;104;74m [0m[48;2;142;95;71m [0m[48;2;134;88;62m [0m[48;2;137;89;58m [0m[48;2;128;82;50m [0m[48;2;115;72;47m [0m[48;2;110;67;53m [0m[48;2;100;60;43m [0m[48;2;89;53;36m [0m[48;2;89;54;41m [0m[48;2;74;47;32m [0m[48;2;56;34;22m [0m[48;2;42;23;14m [0m[48;2;11;3;0m [0m[48;2;0;0;0m [0m[48;2;0;0;0m [0m
[48;2;148;100;80m [0m[48;2;143;100;76m [0m[48;2;144;107;76m [0m[48;2;151;113;82m [0m[48;2;150;112;86m [0m[48;2;160;121;100m [0m[48;2;146;108;83m [0m[48;2;160;122;92m [0m[48;2;150;113;88m [0m[48;2;151;114;91m [0m[48;2;163;126;98m [0m[48;2;131;98;82m [0m[48;2;113;78;67m [0m[48;2;142;101;85m [0m[48;2;140;101;88m [0m[48;2;127;88;77m [0m[48;2;104;71;60m [0m[48;2;120;85;66m [0m[48;2;122;86;66m [0m[48;2;133;96;76m [0m[48;2;142;96;76m [0m[48;2;138;94;77m [0m[48;2;107;77;68m [0m[48;2;127;88;71m [0m[48;2;181;127;97m [0m[48;2;161;109;83m [0m[48;2;169;115;89m [0m[48;2;182;124;91m [0m[48;2;181;127;95m [0m[48;2;186;127;96m [0m[48;2;186;125;92m [0m[48;2;187;124;88m [0m[48;2;193;131;92m [0m[48;2;188;131;96m [0m[48;2;192;137;104m [0m[48;2;184;121;86m [0m[48;2;192;130;96m [0m[48;2;191;134;101m [0m[48;2;180;127;90m [0m[48;2;190;130;91m [0m[48;2;184;124;91m [0m[48;2;190;131;100m [0m[48;2;187;125;92m [0m[48;2;192;133;102m [0m[48;2;182;121;84m [0m[48;2;158;97;40m [0m[48;2;191;133;89m [0m[48;2;200;143;112m [0m[48;2;197;138;107m [0m[48;2;203;149;121m [0m[48;2;173;127;107m [0m[48;2;110;74;64m [0m[48;2;199;156;127m [0m[48;2;200;150;119m [0m[48;2;196;150;125m [0m[48;2;198;154;127m [0m[48;2;204;156;130m [0m[48;2;200;150;124m [0m[48;2;205;156;128m [0m[48;2;197;150;116m [0m[48;2;191;144;110m [0m[48;2;166;80;28m [0m[48;2;179;86;24m [0m[48;2;164;74;7m [0m[48;2;204;157;126m [0m[48;2;208;172;140m [0m[48;2;185;145;122m [0m[48;2;118;85;79m [0m[48;2;89;70;64m [0m[48;2;84;55;48m [0m[48;2;214;174;154m [0m[48;2;198;152;130m [0m[48;2;206;156;133m [0m[48;2;202;154;127m [0m[48;2;205;157;128m [0m[48;2;198;151;124m [0m[48;2;199;150;124m [0m[48;2;194;144;114m [0m[48;2;191;150;119m [0m[48;2;158;78;26m [0m[48;2;156;65;8m [0m[48;2;178;108;58m [0m[48;2;178;120;82m [0m[48;2;182;130;92m [0m[48;2;197;150;121m [0m[48;2;114;85;72m [0m[48;2;45;26;23m [0m[48;2;106;71;61m [0m[48;2;155;112;95m [0m[48;2;168;125;101m [0m[48;2;185;136;106m [0m[48;2;187;134;101m [0m[48;2;176;122;83m [0m[48;2;139;83;38m [0m[48;2;162;107;65m [0m[48;2;180;122;89m [0m[48;2;182;126;97m [0m[48;2;179;120;85m [0m[48;2;181;125;91m [0m[48;2;104;65;48m [0m[48;2;97;58;38m [0m[48;2;156;106;80m [0m[48;2;162;107;82m [0m[48;2;160;107;77m [0m[48;2;161;108;74m [0m[48;2;158;103;72m [0m[48;2;145;95;67m [0m[48;2;136;90;59m [0m[48;2;131;86;55m [0m[48;2;132;86;62m [0m[48;2;126;78;50m [0m[48;2;113;73;47m [0m[48;2;102;67;44m [0m[48;2;90;55;38m [0m[48;2;80;51;37m [0m[48;2;70;47;30m [0m[48;2;60;29;16m [0m[48;2;45;28;16m [0m[48;2;10;5;0m [0m[48;2;0;0;0m [0m
[48;2;149;109;83m [0m[48;2;145;108;79m [0m[48;2;154;116;88m [0m[48;2;161;119;95m [0m[48;2;156;115;91m [0m[48;2;163;122;100m [0m[48;2;164;124;101m [0m[48;2;164;124;98m [0m[48;2;162;124;96m [0m[48;2;167;124;100m [0m[48;2;169;124;102m [0m[48;2;146;109;90m [0m[48;2;139;103;82m [0m[48;2;155;113;89m [0m[48;2;169;116;88m [0m[48;2;161;115;91m [0m[48;2;114;83;64m [0m[48;2;163;115;91m [0m[48;2;182;127;100m [0m[48;2;115;84;66m [0m[48;2;119;83;65m [0m[48;2;169;115;83m [0m[48;2;176;116;86m [0m[48;2;178;118;79m [0m[48;2;169;114;76m [0m[48;2;127;88;71m [0m[48;2;148;96;74m [0m[48;2;184;125;85m [0m[48;2;186;126;89m [0m[48;2;188;127;91m [0m[48;2;190;130;91m [0m[48;2;185;124;90m [0m[48;2;187;127;92m [0m[48;2;191;131;96m [0m[48;2;190;128;95m [0m[48;2;184;125;86m [0m[48;2;167;108;68m [0m[48;2;182;125;86m [0m[48;2;192;140;104m [0m[48;2;181;128;96m [0m[48;2;179;124;97m [0m[48;2;154;108;90m [0m[48;2;185;136;109m [0m[48;2;196;146;115m [0m[48;2;204;150;125m [0m[48;2;184;120;76m [0m[48;2;150;73;10m [0m[48;2;203;134;104m [0m[48;2;198;151;116m [0m[48;2;193;149;115m [0m[48;2;216;178;146m [0m[48;2;104;77;61m [0m[48;2;118;83;78m [0m[48;2;215;167;144m [0m[48;2;199;158;132m [0m[48;2;205;161;132m [0m[48;2;202;150;116m [0m[48;2;210;158;128m [0m[48;2;205;154;125m [0m[48;2;205;162;132m [0m[48;2;188;140;108m [0m[48;2;168;101;55m [0m[48;2;210;145;106m [0m[48;2;154;71;6m [0m[48;2;185;138;101m [0m[48;2;216;184;154m [0m[48;2;115;90;77m [0m[48;2;120;86;74m [0m[48;2;151;128;110m [0m[48;2;34;18;16m [0m[48;2;181;146;130m [0m[48;2;197;156;124m [0m[48;2;206;168;145m [0m[48;2;216;174;152m [0m[48;2;202;155;127m [0m[48;2;208;161;131m [0m[48;2;198;156;130m [0m[48;2;200;162;138m [0m[48;2;198;150;118m [0m[48;2;155;48;0m [0m[48;2;160;54;0m [0m[48;2;194;142;109m [0m[48;2;198;157;131m [0m[48;2;202;162;138m [0m[48;2;151;113;89m [0m[48;2;25;16;12m [0m[48;2;42;26;22m [0m[48;2;168;128;107m [0m[48;2;192;146;122m [0m[48;2;192;152;126m [0m[48;2;200;149;118m [0m[48;2;184;121;77m [0m[48;2;140;71;18m [0m[48;2;151;82;34m [0m[48;2;193;132;97m [0m[48;2;186;130;98m [0m[48;2;186;131;95m [0m[48;2;182;133;101m [0m[48;2;104;64;54m [0m[48;2;78;42;32m [0m[48;2;166;110;86m [0m[48;2;175;118;88m [0m[48;2;167;112;82m [0m[48;2;167;109;77m [0m[48;2;163;106;72m [0m[48;2;162;104;76m [0m[48;2;150;100;70m [0m[48;2;144;96;65m [0m[48;2;145;98;67m [0m[48;2;137;89;59m [0m[48;2;133;82;56m [0m[48;2;126;80;56m [0m[48;2;119;78;49m [0m[48;2;113;70;40m [0m[48;2;100;64;40m [0m[48;2;86;59;37m [0m[48;2;65;42;25m [0m[48;2;49;31;19m [0m[48;2;26;17;12m [0m[48;2;0;0;0m [0m
[48;2;158;116;92m [0m[48;2;160;114;86m [0m[48;2;158;110;83m [0m[48;2;164;120;95m [0m[48;2;164;121;91m [0m[48;2;168;120;92m [0m[48;2;172;124;97m [0m[48;2;166;125;97m [0m[48;2;169;126;103m [0m[48;2;170;126;95m [0m[48;2;174;130;96m [0m[48;2;187;136;100m [0m[48;2;176;128;97m [0m[48;2;115;85;72m [0m[48;2;130;94;71m [0m[48;2;173;124;85m [0m[48;2;182;126;91m [0m[48;2;174;118;89m [0m[48;2;119;84;68m [0m[48;2;145;97;77m [0m[48;2;179;124;88m [0m[48;2;187;124;84m [0m[48;2;182;121;80m [0m[48;2;127;83;62m [0m[48;2;143;98;72m [0m[48;2;198;132;84m [0m[48;2;192;126;80m [0m[48;2;191;126;88m [0m[48;2;187;125;90m [0m[48;2;191;130;94m [0m[48;2;186;126;88m [0m[48;2;186;126;91m [0m[48;2;190;126;91m [0m[48;2;188;124;86m [0m[48;2;196;131;92m [0m[48;2;196;134;94m [0m[48;2;184;119;74m [0m[48;2;169;97;49m [0m[48;2;181;113;72m [0m[48;2;187;134;104m [0m[48;2;192;144;115m [0m[48;2;179;134;110m [0m[48;2;145;102;79m [0m[48;2;166;119;92m [0m[48;2;194;151;118m [0m[48;2;202;161;125m [0m[48;2;181;115;70m [0m[48;2;154;73;13m [0m[48;2;198;134;95m [0m[48;2;203;154;124m [0m[48;2;194;149;118m [0m[48;2;196;148;126m [0m[48;2;68;41;40m [0m[48;2;131;103;91m [0m[48;2;190;146;120m [0m[48;2;179;126;98m [0m[48;2;182;127;96m [0m[48;2;182;126;95m [0m[48;2;185;128;97m [0m[48;2;166;112;82m [0m[48;2;119;43;18m [0m[48;2;172;102;65m [0m[48;2;179;119;89m [0m[48;2;116;26;0m [0m[48;2;139;45;5m [0m[48;2;156;107;78m [0m[48;2;19;2;2m [0m[48;2;139;103;88m [0m[48;2;149;116;95m [0m[48;2;30;18;18m [0m[48;2;92;71;65m [0m[48;2;158;116;97m [0m[48;2;180;138;108m [0m[48;2;182;137;107m [0m[48;2;179;125;90m [0m[48;2;161;103;65m [0m[48;2;180;127;89m [0m[48;2;162;98;66m [0m[48;2;126;49;14m [0m[48;2;132;20;0m [0m[48;2;181;95;48m [0m[48;2;149;114;103m [0m[48;2;142;107;97m [0m[48;2;94;73;62m [0m[48;2;77;60;54m [0m[48;2;24;19;18m [0m[48;2;110;84;74m [0m[48;2;203;163;130m [0m[48;2;194;148;118m [0m[48;2;197;148;119m [0m[48;2;172;104;61m [0m[48;2;137;54;0m [0m[48;2;151;85;37m [0m[48;2;199;142;113m [0m[48;2;202;148;121m [0m[48;2;191;140;112m [0m[48;2;150;109;86m [0m[48;2;59;37;29m [0m[48;2;97;66;54m [0m[48;2;187;134;98m [0m[48;2;186;133;98m [0m[48;2;181;127;100m [0m[48;2;179;125;94m [0m[48;2;173;116;88m [0m[48;2;160;106;78m [0m[48;2;143;95;65m [0m[48;2;144;97;65m [0m[48;2;150;102;71m [0m[48;2;151;102;72m [0m[48;2;148;97;67m [0m[48;2;143;97;66m [0m[48;2;130;88;58m [0m[48;2;108;70;43m [0m[48;2;94;58;35m [0m[48;2;103;65;42m [0m[48;2;102;65;42m [0m[48;2;97;60;36m [0m[48;2;89;49;22m [0m[48;2;64;35;12m [0m[48;2;24;11;1m [0m
[48;2;155;109;84m [0m[48;2;160;115;86m [0m[48;2;168;120;92m [0m[48;2;172;119;97m [0m[48;2;166;118;94m [0m[48;2;168;118;95m [0m[48;2;170;119;96m [0m[48;2;175;126;103m [0m[48;2;174;125;103m [0m[48;2;179;132;101m [0m[48;2;181;137;102m [0m[48;2;179;133;103m [0m[48;2;180;130;95m [0m[48;2;186;132;98m [0m[48;2;182;126;95m [0m[48;2;184;122;91m [0m[48;2;181;125;90m [0m[48;2;180;121;85m [0m[48;2;172;115;82m [0m[48;2;182;121;80m [0m[48;2;193;127;86m [0m[48;2;188;121;82m [0m[48;2;192;125;83m [0m[48;2;194;124;88m [0m[48;2;188;125;86m [0m[48;2;186;120;80m [0m[48;2;196;122;85m [0m[48;2;197;121;90m [0m[48;2;192;124;85m [0m[48;2;196;132;86m [0m[48;2;193;130;84m [0m[48;2;191;121;83m [0m[48;2;193;124;84m [0m[48;2;190;125;80m [0m[48;2;192;130;85m [0m[48;2;197;137;92m [0m[48;2;200;138;102m [0m[48;2;190;125;90m [0m[48;2;158;84;29m [0m[48;2;162;86;32m [0m[48;2;200;142;106m [0m[48;2;205;152;120m [0m[48;2;192;145;116m [0m[48;2;128;91;76m [0m[48;2;148;106;86m [0m[48;2;182;131;102m [0m[48;2;185;131;104m [0m[48;2;133;60;23m [0m[48;2;122;31;0m [0m[48;2;158;89;61m [0m[48;2;172;120;89m [0m[48;2;175;115;86m [0m[48;2;128;98;83m [0m[48;2;8;0;0m [0m[48;2;108;84;71m [0m[48;2;161;114;96m [0m[48;2;175;126;106m [0m[48;2;181;130;95m [0m[48;2;193;138;108m [0m[48;2;174;127;94m [0m[48;2;119;37;10m [0m[48;2;131;36;6m [0m[48;2;184;125;90m [0m[48;2;167;110;86m [0m[48;2;118;35;10m [0m[48;2;45;3;0m [0m[48;2;13;0;0m [0m[48;2;128;102;90m [0m[48;2;148;121;109m [0m[48;2;12;3;1m [0m[48;2;78;64;60m [0m[48;2;97;78;68m [0m[48;2;174;132;109m [0m[48;2;185;138;110m [0m[48;2;190;136;103m [0m[48;2;150;94;55m [0m[48;2;151;86;43m [0m[48;2;125;38;6m [0m[48;2;134;51;31m [0m[48;2;119;19;0m [0m[48;2;149;91;61m [0m[48;2;41;28;25m [0m[48;2;54;37;31m [0m[48;2;106;82;68m [0m[48;2;30;18;16m [0m[48;2;32;14;10m [0m[48;2;163;125;98m [0m[48;2;170;121;85m [0m[48;2;160;96;60m [0m[48;2;140;62;13m [0m[48;2;134;48;0m [0m[48;2;181;102;64m [0m[48;2;206;151;124m [0m[48;2;187;145;115m [0m[48;2;134;97;82m [0m[48;2;45;25;20m [0m[48;2;56;41;37m [0m[48;2;130;98;80m [0m[48;2;188;142;114m [0m[48;2;194;143;114m [0m[48;2;170;116;84m [0m[48;2;173;119;89m [0m[48;2;173;115;89m [0m[48;2;151;95;64m [0m[48;2;146;95;59m [0m[48;2;163;114;80m [0m[48;2;154;104;80m [0m[48;2;128;88;70m [0m[48;2;137;95;79m [0m[48;2;132;91;76m [0m[48;2;116;79;56m [0m[48;2;108;72;50m [0m[48;2;112;76;58m [0m[48;2;109;73;49m [0m[48;2;115;70;44m [0m[48;2;113;66;40m [0m[48;2;100;60;31m [0m[48;2;88;55;26m [0m[48;2;78;47;22m [0m[48;2;53;24;3m [0m
[48;2;161;120;94m [0m[48;2;161;116;92m [0m[48;2;164;118;94m [0m[48;2;168;125;97m [0m[48;2;174;125;97m [0m[48;2;174;122;96m [0m[48;2;174;125;101m [0m[48;2;176;132;106m [0m[48;2;182;133;109m [0m[48;2;182;131;109m [0m[48;2;184;137;114m [0m[48;2;185;143;118m [0m[48;2;187;140;115m [0m[48;2;182;134;108m [0m[48;2;182;133;104m [0m[48;2;184;127;100m [0m[48;2;179;127;91m [0m[48;2;182;126;92m [0m[48;2;190;126;91m [0m[48;2;186;124;83m [0m[48;2;190;125;79m [0m[48;2;191;122;77m [0m[48;2;192;125;83m [0m[48;2;194;128;90m [0m[48;2;194;128;85m [0m[48;2;194;126;85m [0m[48;2;192;121;86m [0m[48;2;193;125;85m [0m[48;2;190;124;80m [0m[48;2;188;122;78m [0m[48;2;192;127;85m [0m[48;2;196;130;95m [0m[48;2;191;124;92m [0m[48;2;187;128;94m [0m[48;2;187;136;98m [0m[48;2;197;139;101m [0m[48;2;194;143;104m [0m[48;2;187;138;100m [0m[48;2;192;145;107m [0m[48;2;163;98;53m [0m[48;2;157;83;35m [0m[48;2;182;120;84m [0m[48;2;169;116;82m [0m[48;2;169;115;82m [0m[48;2;139;89;67m [0m[48;2;120;79;64m [0m[48;2;155;101;78m [0m[48;2;172;110;86m [0m[48;2;131;62;41m [0m[48;2;113;18;0m [0m[48;2;114;29;1m [0m[48;2;149;72;34m [0m[48;2;154;90;51m [0m[48;2;101;65;50m [0m[48;2;32;20;19m [0m[48;2;104;84;71m [0m[48;2;132;100;88m [0m[48;2;164;116;92m [0m[48;2;179;119;88m [0m[48;2;174;120;85m [0m[48;2;156;89;55m [0m[48;2;110;6;0m [0m[48;2;131;42;14m [0m[48;2;188;137;103m [0m[48;2;119;85;64m [0m[48;2;0;0;0m [0m[48;2;43;20;18m [0m[48;2;82;49;41m [0m[48;2;119;96;74m [0m[48;2;32;23;20m [0m[48;2;74;62;60m [0m[48;2;50;41;38m [0m[48;2;126;100;85m [0m[48;2;187;150;125m [0m[48;2;167;127;101m [0m[48;2;172;118;89m [0m[48;2;114;24;0m [0m[48;2;122;36;5m [0m[48;2;184;128;92m [0m[48;2;116;35;18m [0m[48;2;36;1;0m [0m[48;2;38;24;18m [0m[48;2;136;107;91m [0m[48;2;73;51;42m [0m[48;2;0;0;0m [0m[48;2;137;103;83m [0m[48;2;157;88;55m [0m[48;2;131;59;28m [0m[48;2;116;31;1m [0m[48;2;137;59;19m [0m[48;2;176;121;90m [0m[48;2;155;107;90m [0m[48;2;101;72;58m [0m[48;2;13;6;0m [0m[48;2;2;0;0m [0m[48;2;94;66;58m [0m[48;2;185;137;112m [0m[48;2;203;150;120m [0m[48;2;188;131;102m [0m[48;2;157;97;62m [0m[48;2;145;86;38m [0m[48;2;162;101;66m [0m[48;2;169;107;76m [0m[48;2;180;127;96m [0m[48;2;170;127;96m [0m[48;2;120;91;73m [0m[48;2;98;74;67m [0m[48;2;103;71;61m [0m[48;2;113;82;71m [0m[48;2;136;98;73m [0m[48;2;145;95;66m [0m[48;2;145;97;70m [0m[48;2;137;96;66m [0m[48;2;122;84;50m [0m[48;2;115;77;49m [0m[48;2;114;71;50m [0m[48;2;106;65;41m [0m[48;2;86;55;22m [0m[48;2;80;47;20m [0m[48;2;60;30;11m [0m
[48;2;160;112;85m [0m[48;2;167;109;83m [0m[48;2;170;115;84m [0m[48;2;172;122;88m [0m[48;2;180;126;101m [0m[48;2;178;124;101m [0m[48;2;175;127;103m [0m[48;2;175;134;108m [0m[48;2;180;138;114m [0m[48;2;184;142;113m [0m[48;2;179;138;108m [0m[48;2;182;140;114m [0m[48;2;188;142;114m [0m[48;2;184;133;109m [0m[48;2;186;133;104m [0m[48;2;190;131;95m [0m[48;2;182;128;91m [0m[48;2;185;127;88m [0m[48;2;187;122;83m [0m[48;2;185;116;82m [0m[48;2;184;120;80m [0m[48;2;191;122;85m [0m[48;2;193;124;85m [0m[48;2;188;125;83m [0m[48;2;192;126;84m [0m[48;2;188;121;82m [0m[48;2;192;125;85m [0m[48;2;194;127;86m [0m[48;2;180;113;74m [0m[48;2;174;104;65m [0m[48;2;182;115;76m [0m[48;2;169;109;74m [0m[48;2;174;115;85m [0m[48;2;185;130;102m [0m[48;2;175;126;101m [0m[48;2;170;124;97m [0m[48;2;180;131;101m [0m[48;2;191;136;104m [0m[48;2;180;127;91m [0m[48;2;170;112;72m [0m[48;2;128;64;32m [0m[48;2;108;26;3m [0m[48;2;121;43;18m [0m[48;2;137;64;34m [0m[48;2;154;82;56m [0m[48;2;131;88;70m [0m[48;2;82;54;47m [0m[48;2;83;60;49m [0m[48;2;124;90;73m [0m[48;2;160;107;80m [0m[48;2;143;64;35m [0m[48;2;144;58;26m [0m[48;2;151;73;40m [0m[48;2;166;98;62m [0m[48;2;112;72;51m [0m[48;2;37;22;22m [0m[48;2;83;62;59m [0m[48;2;128;98;88m [0m[48;2;133;101;89m [0m[48;2;152;108;92m [0m[48;2;154;106;86m [0m[48;2;121;49;30m [0m[48;2;82;0;0m [0m[48;2;125;70;47m [0m[48;2;60;41;30m [0m[48;2;0;0;0m [0m[48;2;55;23;12m [0m[48;2;73;40;29m [0m[48;2;47;20;17m [0m[48;2;14;1;0m [0m[48;2;121;104;97m [0m[48;2;1;0;0m [0m[48;2;78;62;59m [0m[48;2;178;146;132m [0m[48;2;160;139;116m [0m[48;2;170;131;112m [0m[48;2;106;10;0m [0m[48;2;88;34;23m [0m[48;2;106;91;80m [0m[48;2;22;6;5m [0m[48;2;0;0;0m [0m[48;2;119;97;90m [0m[48;2;51;43;41m [0m[48;2;0;0;0m [0m[48;2;79;50;42m [0m[48;2;148;82;55m [0m[48;2;115;34;2m [0m[48;2;150;78;41m [0m[48;2;106;29;5m [0m[48;2;109;67;48m [0m[48;2;58;53;42m [0m[48;2;1;0;1m [0m[48;2;0;0;0m [0m[48;2;51;38;26m [0m[48;2;133;96;72m [0m[48;2;162;112;85m [0m[48;2;150;101;74m [0m[48;2;149;96;61m [0m[48;2;143;83;42m [0m[48;2;155;94;54m [0m[48;2;184;125;85m [0m[48;2;194;138;104m [0m[48;2;194;140;104m [0m[48;2;168;128;102m [0m[48;2;97;74;68m [0m[48;2;59;35;28m [0m[48;2;103;61;42m [0m[48;2;133;90;62m [0m[48;2;157;109;74m [0m[48;2;161;113;77m [0m[48;2;155;103;70m [0m[48;2;128;86;62m [0m[48;2;92;66;56m [0m[48;2;90;58;42m [0m[48;2;114;71;45m [0m[48;2;108;71;44m [0m[48;2;107;62;40m [0m[48;2;90;58;29m [0m[48;2;76;47;22m [0m[48;2;61;34;13m [0m
[48;2;164;107;80m [0m[48;2;173;110;74m [0m[48;2;178;116;83m [0m[48;2;179;121;85m [0m[48;2;180;124;89m [0m[48;2;180;124;95m [0m[48;2;182;128;102m [0m[48;2;187;134;107m [0m[48;2;184;132;103m [0m[48;2;186;138;106m [0m[48;2;185;142;109m [0m[48;2;188;145;118m [0m[48;2;191;138;112m [0m[48;2;190;137;110m [0m[48;2;178;122;94m [0m[48;2;182;122;90m [0m[48;2;179;125;86m [0m[48;2;184;125;82m [0m[48;2;187;121;77m [0m[48;2;185;115;78m [0m[48;2;186;116;79m [0m[48;2;187;116;78m [0m[48;2;186;116;73m [0m[48;2;193;124;88m [0m[48;2;192;125;89m [0m[48;2;192;125;83m [0m[48;2;182;120;83m [0m[48;2;190;126;88m [0m[48;2;191;125;83m [0m[48;2;185;118;76m [0m[48;2;178;107;66m [0m[48;2;181;114;74m [0m[48;2;169;106;66m [0m[48;2;166;98;58m [0m[48;2;168;108;79m [0m[48;2;161;108;90m [0m[48;2;133;85;61m [0m[48;2;132;84;59m [0m[48;2;124;78;53m [0m[48;2;148;98;73m [0m[48;2;161;109;76m [0m[48;2;161;102;66m [0m[48;2;157;90;54m [0m[48;2;150;68;35m [0m[48;2;142;35;10m [0m[48;2;137;34;7m [0m[48;2;131;37;13m [0m[48;2;91;29;14m [0m[48;2;38;16;8m [0m[48;2;64;43;36m [0m[48;2;119;91;74m [0m[48;2;112;86;70m [0m[48;2;128;82;67m [0m[48;2;115;61;44m [0m[48;2;116;67;49m [0m[48;2;109;70;54m [0m[48;2;41;23;22m [0m[48;2;67;48;45m [0m[48;2;125;97;85m [0m[48;2;112;90;80m [0m[48;2;132;107;86m [0m[48;2;91;47;30m [0m[48;2;62;19;10m [0m[48;2;43;16;8m [0m[48;2;30;19;16m [0m[48;2;34;17;16m [0m[48;2;64;37;30m [0m[48;2;64;45;40m [0m[48;2;58;47;42m [0m[48;2;36;22;10m [0m[48;2;90;61;50m [0m[48;2;29;17;11m [0m[48;2;65;49;43m [0m[48;2;139;112;95m [0m[48;2;95;72;60m [0m[48;2;47;30;24m [0m[48;2;22;1;0m [0m[48;2;26;19;17m [0m[48;2;2;2;0m [0m[48;2;2;1;0m [0m[48;2;17;10;6m [0m[48;2;50;45;43m [0m[48;2;0;0;0m [0m[48;2;61;48;44m [0m[48;2;126;73;59m [0m[48;2;78;7;0m [0m[48;2;98;50;34m [0m[48;2;51;25;10m [0m[48;2;2;0;0m [0m[48;2;0;0;0m [0m[48;2;11;8;5m [0m[48;2;64;49;36m [0m[48;2;133;94;72m [0m[48;2;170;112;85m [0m[48;2;169;110;79m [0m[48;2;142;86;61m [0m[48;2;100;44;22m [0m[48;2;125;72;40m [0m[48;2;144;89;55m [0m[48;2;169;113;82m [0m[48;2;167;118;92m [0m[48;2;124;89;72m [0m[48;2;77;51;40m [0m[48;2;86;48;37m [0m[48;2;119;64;38m [0m[48;2;136;76;41m [0m[48;2;162;102;72m [0m[48;2;175;120;90m [0m[48;2;152;108;80m [0m[48;2;110;80;64m [0m[48;2;79;62;54m [0m[48;2;70;50;45m [0m[48;2;92;54;35m [0m[48;2;95;51;16m [0m[48;2;124;79;45m [0m[48;2;110;73;40m [0m[48;2;101;62;25m [0m[48;2;95;56;40m [0m[48;2;16;10;2m [0m[48;2;53;30;14m [0m
[48;2;164;112;78m [0m[48;2;172;112;79m [0m[48;2;173;113;83m [0m[48;2;178;119;86m [0m[48;2;178;126;91m [0m[48;2;180;122;90m [0m[48;2;181;119;90m [0m[48;2;182;120;91m [0m[48;2;187;124;96m [0m[48;2;180;122;92m [0m[48;2;184;131;102m [0m[48;2;194;142;120m [0m[48;2;194;144;121m [0m[48;2;190;144;118m [0m[48;2;186;137;106m [0m[48;2;180;125;90m [0m[48;2;180;119;84m [0m[48;2;184;120;80m [0m[48;2;184;116;73m [0m[48;2;184;118;77m [0m[48;2;188;121;82m [0m[48;2;185;121;78m [0m[48;2;167;101;54m [0m[48;2;173;96;51m [0m[48;2;181;109;62m [0m[48;2;182;124;88m [0m[48;2;161;112;94m [0m[48;2;152;110;91m [0m[48;2;167;114;85m [0m[48;2;187;130;86m [0m[48;2;188;130;90m [0m[48;2;192;127;90m [0m[48;2;198;130;88m [0m[48;2;169;101;56m [0m[48;2;134;62;31m [0m[48;2;122;53;28m [0m[48;2;124;56;35m [0m[48;2;120;56;30m [0m[48;2;122;61;34m [0m[48;2;112;54;31m [0m[48;2;97;42;24m [0m[48;2;98;51;40m [0m[48;2;109;71;55m [0m[48;2;116;78;54m [0m[48;2;136;88;60m [0m[48;2;149;94;64m [0m[48;2;142;78;45m [0m[48;2;140;65;37m [0m[48;2;121;58;37m [0m[48;2;65;35;26m [0m[48;2;67;45;44m [0m[48;2;48;36;34m [0m[48;2;73;56;55m [0m[48;2;122;83;71m [0m[48;2;110;71;54m [0m[48;2;96;51;40m [0m[48;2;89;44;29m [0m[48;2;47;22;16m [0m[48;2;54;29;23m [0m[48;2;71;38;25m [0m[48;2;68;37;17m [0m[48;2;49;20;17m [0m[48;2;41;17;12m [0m[48;2;37;19;11m [0m[48;2;44;23;18m [0m[48;2;58;31;24m [0m[48;2;60;37;28m [0m[48;2;76;64;58m [0m[48;2;73;59;48m [0m[48;2;96;59;43m [0m[48;2;101;62;45m [0m[48;2;100;68;54m [0m[48;2;130;94;76m [0m[48;2;142;97;80m [0m[48;2;113;77;67m [0m[48;2;55;34;25m [0m[48;2;41;28;22m [0m[48;2;42;32;29m [0m[48;2;32;20;17m [0m[48;2;38;31;25m [0m[48;2;28;23;18m [0m[48;2;22;14;13m [0m[48;2;42;32;30m [0m[48;2;48;34;29m [0m[48;2;6;0;0m [0m[48;2;6;0;0m [0m[48;2;20;17;16m [0m[48;2;18;17;16m [0m[48;2;14;11;10m [0m[48;2;90;76;61m [0m[48;2;157;120;96m [0m[48;2;174;131;109m [0m[48;2;166;116;95m [0m[48;2;155;101;74m [0m[48;2;121;66;41m [0m[48;2;98;45;22m [0m[48;2;132;89;64m [0m[48;2;131;94;74m [0m[48;2;96;65;49m [0m[48;2;42;20;12m [0m[48;2;24;3;0m [0m[48;2;60;26;11m [0m[48;2;119;66;31m [0m[48;2;155;88;49m [0m[48;2;161;110;76m [0m[48;2;148;110;82m [0m[48;2;120;91;76m [0m[48;2;78;60;50m [0m[48;2;67;51;43m [0m[48;2;92;68;50m [0m[48;2;133;95;71m [0m[48;2;128;85;55m [0m[48;2;101;65;30m [0m[48;2;103;72;45m [0m[48;2;98;64;47m [0m[48;2;118;76;48m [0m[48;2;108;72;43m [0m[48;2;45;34;28m [0m[48;2;60;37;25m [0m[48;2;78;45;20m [0m
[48;2;162;114;76m [0m[48;2;169;113;70m [0m[48;2;179;118;88m [0m[48;2;180;118;89m [0m[48;2;176;122;91m [0m[48;2;180;125;95m [0m[48;2;185;126;96m [0m[48;2;182;125;95m [0m[48;2;185;130;97m [0m[48;2;185;137;104m [0m[48;2;188;143;114m [0m[48;2;193;143;119m [0m[48;2;197;154;127m [0m[48;2;196;154;127m [0m[48;2;191;142;113m [0m[48;2;190;136;102m [0m[48;2;188;132;97m [0m[48;2;188;128;89m [0m[48;2;184;118;77m [0m[48;2;180;112;76m [0m[48;2;184;116;77m [0m[48;2;190;120;82m [0m[48;2;191;120;80m [0m[48;2;187;115;68m [0m[48;2;178;109;61m [0m[48;2;175;104;60m [0m[48;2;179;112;64m [0m[48;2;170;114;73m [0m[48;2;150;102;73m [0m[48;2;152;102;74m [0m[48;2;162;113;90m [0m[48;2;168;119;96m [0m[48;2;157;106;77m [0m[48;2;144;85;50m [0m[48;2;162;92;64m [0m[48;2;155;90;50m [0m[48;2;162;94;53m [0m[48;2;157;88;49m [0m[48;2;160;90;50m [0m[48;2;157;82;45m [0m[48;2;151;66;40m [0m[48;2;134;51;29m [0m[48;2;113;47;29m [0m[48;2;78;32;25m [0m[48;2;49;26;23m [0m[48;2;44;34;31m [0m[48;2;19;17;11m [0m[48;2;49;32;30m [0m[48;2;78;45;40m [0m[48;2;120;73;58m [0m[48;2;115;70;56m [0m[48;2;101;56;45m [0m[48;2;58;25;22m [0m[48;2;54;18;14m [0m[48;2;45;13;5m [0m[48;2;42;12;0m [0m[48;2;42;3;0m [0m[48;2;41;1;0m [0m[48;2;35;0;0m [0m[48;2;34;0;0m [0m[48;2;32;0;0m [0m[48;2;30;0;0m [0m[48;2;30;1;0m [0m[48;2;31;2;0m [0m[48;2;48;16;8m [0m[48;2;51;12;0m [0m[48;2;49;17;7m [0m[48;2;71;44;34m [0m[48;2;61;34;23m [0m[48;2;49;24;13m [0m[48;2;58;30;19m [0m[48;2;62;38;26m [0m[48;2;77;55;42m [0m[48;2;115;98;84m [0m[48;2;144;139;121m [0m[48;2;164;166;150m [0m[48;2;158;161;149m [0m[48;2;145;146;137m [0m[48;2;146;140;131m [0m[48;2;130;115;103m [0m[48;2;96;85;73m [0m[48;2;94;77;72m [0m[48;2;82;66;61m [0m[48;2;37;25;23m [0m[48;2;38;32;29m [0m[48;2;24;23;16m [0m[48;2;38;28;22m [0m[48;2;25;19;16m [0m[48;2;40;38;31m [0m[48;2;60;51;42m [0m[48;2;54;38;31m [0m[48;2;58;43;37m [0m[48;2;49;36;29m [0m[48;2;22;10;5m [0m[48;2;28;16;8m [0m[48;2;58;42;36m [0m[48;2;45;34;32m [0m[48;2;24;14;14m [0m[48;2;22;11;8m [0m[48;2;19;6;0m [0m[48;2;67;40;30m [0m[48;2;100;65;51m [0m[48;2;82;54;40m [0m[48;2;77;56;48m [0m[48;2;58;43;37m [0m[48;2;28;12;7m [0m[48;2;59;35;20m [0m[48;2;104;70;49m [0m[48;2;103;50;25m [0m[48;2;120;56;25m [0m[48;2;108;59;36m [0m[48;2;54;32;20m [0m[48;2;61;53;43m [0m[48;2;12;11;7m [0m[48;2;43;34;28m [0m[48;2;78;59;44m [0m[48;2;55;37;30m [0m[48;2;70;49;32m [0m[48;2;80;44;26m [0m[48;2;62;30;12m [0m
[48;2;172;114;77m [0m[48;2;184;116;80m [0m[48;2;184;121;90m [0m[48;2;182;122;89m [0m[48;2;185;127;92m [0m[48;2;182;128;94m [0m[48;2;186;132;97m [0m[48;2;184;130;94m [0m[48;2;190;138;102m [0m[48;2;193;148;116m [0m[48;2;187;144;118m [0m[48;2;193;145;121m [0m[48;2;192;146;122m [0m[48;2;203;157;130m [0m[48;2;202;150;120m [0m[48;2;193;140;109m [0m[48;2;197;144;110m [0m[48;2;186;131;92m [0m[48;2;188;126;85m [0m[48;2;187;118;79m [0m[48;2;190;122;83m [0m[48;2;191;120;82m [0m[48;2;196;121;84m [0m[48;2;198;126;88m [0m[48;2;202;128;92m [0m[48;2;198;126;85m [0m[48;2;192;119;77m [0m[48;2;190;116;74m [0m[48;2;188;114;72m [0m[48;2;181;112;68m [0m[48;2;156;78;42m [0m[48;2;124;47;29m [0m[48;2;110;44;32m [0m[48;2;109;48;36m [0m[48;2;106;61;43m [0m[48;2;97;65;49m [0m[48;2;102;70;54m [0m[48;2;120;77;56m [0m[48;2;110;66;47m [0m[48;2;96;56;41m [0m[48;2;89;53;35m [0m[48;2;80;48;32m [0m[48;2;89;55;43m [0m[48;2;68;37;28m [0m[48;2;68;43;37m [0m[48;2;101;74;64m [0m[48;2;119;89;78m [0m[48;2;148;114;98m [0m[48;2;148;113;98m [0m[48;2;125;86;65m [0m[48;2;77;42;22m [0m[48;2;35;7;0m [0m[48;2;40;3;0m [0m[48;2;47;2;0m [0m[48;2;43;2;0m [0m[48;2;36;0;0m [0m[48;2;31;1;0m [0m[48;2;29;0;0m [0m[48;2;32;0;0m [0m[48;2;32;0;0m [0m[48;2;31;0;0m [0m[48;2;26;0;0m [0m[48;2;23;1;0m [0m[48;2;31;0;0m [0m[48;2;38;1;0m [0m[48;2;43;1;0m [0m[48;2;49;3;0m [0m[48;2;51;7;1m [0m[48;2;48;8;0m [0m[48;2;55;18;3m [0m[48;2;56;17;2m [0m[48;2;47;10;0m [0m[48;2;42;5;0m [0m[48;2;38;10;0m [0m[48;2;44;30;20m [0m[48;2;79;78;71m [0m[48;2;139;160;152m [0m[48;2;176;206;204m [0m[48;2;190;220;215m [0m[48;2;196;222;220m [0m[48;2;191;220;214m [0m[48;2;182;200;192m [0m[48;2;175;178;172m [0m[48;2;146;138;127m [0m[48;2;138;113;95m [0m[48;2;126;112;100m [0m[48;2;98;82;76m [0m[48;2;124;90;73m [0m[48;2;90;64;48m [0m[48;2;34;17;13m [0m[48;2;11;11;8m [0m[48;2;0;0;0m [0m[48;2;0;0;0m [0m[48;2;11;10;6m [0m[48;2;20;19;14m [0m[48;2;19;12;8m [0m[48;2;14;5;2m [0m[48;2;20;12;8m [0m[48;2;30;18;11m [0m[48;2;45;29;23m [0m[48;2;48;38;30m [0m[48;2;56;41;37m [0m[48;2;43;23;25m [0m[48;2;49;24;11m [0m[48;2;92;54;25m [0m[48;2;120;76;41m [0m[48;2;133;84;51m [0m[48;2;98;55;32m [0m[48;2;51;13;0m [0m[48;2;67;32;25m [0m[48;2;79;54;47m [0m[48;2;66;51;47m [0m[48;2;82;62;53m [0m[48;2;18;13;13m [0m[48;2;43;34;30m [0m[48;2;79;54;34m [0m[48;2;98;61;34m [0m[48;2;90;51;23m [0m[48;2;74;43;17m [0m[48;2;56;25;3m [0m
[48;2;172;112;66m [0m[48;2;184;118;78m [0m[48;2;185;125;84m [0m[48;2;185;127;86m [0m[48;2;186;126;91m [0m[48;2;185;125;92m [0m[48;2;186;127;94m [0m[48;2;192;132;100m [0m[48;2;188;128;98m [0m[48;2;192;137;107m [0m[48;2;197;149;119m [0m[48;2;187;142;113m [0m[48;2;192;143;119m [0m[48;2;197;149;126m [0m[48;2;198;157;130m [0m[48;2;202;167;138m [0m[48;2;194;161;134m [0m[48;2;199;148;119m [0m[48;2;199;138;98m [0m[48;2;192;130;94m [0m[48;2;203;139;100m [0m[48;2;194;130;90m [0m[48;2;194;125;88m [0m[48;2;196;121;82m [0m[48;2;194;121;77m [0m[48;2;192;121;77m [0m[48;2;194;122;83m [0m[48;2;188;119;80m [0m[48;2;197;127;90m [0m[48;2;182;115;74m [0m[48;2;162;94;50m [0m[48;2;166;96;48m [0m[48;2;172;96;55m [0m[48;2;184;102;70m [0m[48;2;174;107;76m [0m[48;2;161;98;68m [0m[48;2;144;90;58m [0m[48;2;144;88;61m [0m[48;2;137;85;56m [0m[48;2;113;74;58m [0m[48;2;91;58;53m [0m[48;2;80;50;42m [0m[48;2;94;73;64m [0m[48;2;109;92;86m [0m[48;2;146;118;103m [0m[48;2;185;146;125m [0m[48;2;191;154;134m [0m[48;2;190;149;128m [0m[48;2;149;95;70m [0m[48;2;67;22;1m [0m[48;2;48;5;0m [0m[48;2;60;11;0m [0m[48;2;44;2;0m [0m[48;2;35;0;0m [0m[48;2;35;0;0m [0m[48;2;36;0;0m [0m[48;2;41;2;0m [0m[48;2;38;0;0m [0m[48;2;41;0;0m [0m[48;2;38;0;0m [0m[48;2;31;0;0m [0m[48;2;37;2;0m [0m[48;2;32;0;0m [0m[48;2;30;0;0m [0m[48;2;44;12;6m [0m[48;2;40;3;0m [0m[48;2;44;3;0m [0m[48;2;47;6;0m [0m[48;2;48;3;0m [0m[48;2;59;11;0m [0m[48;2;59;12;0m [0m[48;2;68;18;3m [0m[48;2;67;18;5m [0m[48;2;73;14;5m [0m[48;2;68;11;0m [0m[48;2;42;7;0m [0m[48;2;59;53;44m [0m[48;2;110;113;108m [0m[48;2;130;142;133m [0m[48;2;142;160;158m [0m[48;2;145;164;163m [0m[48;2;145;168;160m [0m[48;2;156;176;167m [0m[48;2;154;164;152m [0m[48;2;148;150;143m [0m[48;2;161;168;161m [0m[48;2;157;169;162m [0m[48;2;172;172;160m [0m[48;2;168;154;133m [0m[48;2;137;110;94m [0m[48;2;96;72;61m [0m[48;2;62;48;40m [0m[48;2;32;23;19m [0m[48;2;5;3;5m [0m[48;2;0;0;0m [0m[48;2;0;0;0m [0m[48;2;14;14;11m [0m[48;2;32;26;23m [0m[48;2;47;30;25m [0m[48;2;51;34;28m [0m[48;2;45;26;20m [0m[48;2;29;11;2m [0m[48;2;30;17;10m [0m[48;2;68;49;38m [0m[48;2;56;36;22m [0m[48;2;30;19;8m [0m[48;2;19;14;12m [0m[48;2;26;19;17m [0m[48;2;37;28;24m [0m[48;2;25;23;18m [0m[48;2;32;29;26m [0m[48;2;47;37;36m [0m[48;2;31;28;26m [0m[48;2;37;30;24m [0m[48;2;95;64;43m [0m[48;2;112;66;36m [0m[48;2;92;51;25m [0m[48;2;83;47;29m [0m[48;2;67;38;14m [0m[48;2;45;22;0m [0m
[48;2;170;116;77m [0m[48;2;178;118;80m [0m[48;2;188;120;91m [0m[48;2;188;121;90m [0m[48;2;187;124;96m [0m[48;2;188;130;101m [0m[48;2;187;128;100m [0m[48;2;186;127;98m [0m[48;2;190;139;109m [0m[48;2;186;138;108m [0m[48;2;186;142;108m [0m[48;2;187;144;107m [0m[48;2;197;144;118m [0m[48;2;192;140;119m [0m[48;2;203;169;144m [0m[48;2;206;181;156m [0m[48;2;211;182;160m [0m[48;2;210;176;151m [0m[48;2;212;163;136m [0m[48;2;191;145;116m [0m[48;2;203;150;118m [0m[48;2;198;136;98m [0m[48;2;194;128;85m [0m[48;2;203;131;83m [0m[48;2;202;127;88m [0m[48;2;191;116;74m [0m[48;2;194;122;74m [0m[48;2;192;127;82m [0m[48;2;188;121;78m [0m[48;2;173;100;55m [0m[48;2;178;102;58m [0m[48;2;188;118;78m [0m[48;2;205;136;96m [0m[48;2;206;138;96m [0m[48;2;204;136;95m [0m[48;2;193;128;86m [0m[48;2;179;112;64m [0m[48;2;176;98;58m [0m[48;2;156;85;48m [0m[48;2;136;77;50m [0m[48;2;139;83;58m [0m[48;2;160;109;84m [0m[48;2;164;126;108m [0m[48;2;190;152;130m [0m[48;2;192;160;139m [0m[48;2;181;152;134m [0m[48;2;176;149;131m [0m[48;2;150;119;94m [0m[48;2;59;22;0m [0m[48;2;62;8;0m [0m[48;2;100;26;0m [0m[48;2;65;8;0m [0m[48;2;35;0;0m [0m[48;2;42;0;0m [0m[48;2;40;0;0m [0m[48;2;36;0;0m [0m[48;2;34;0;0m [0m[48;2;28;0;0m [0m[48;2;13;0;0m [0m[48;2;0;0;0m [0m[48;2;0;0;0m [0m[48;2;0;0;0m [0m[48;2;0;0;0m [0m[48;2;0;0;0m [0m[48;2;8;0;0m [0m[48;2;34;3;0m [0m[48;2;48;3;0m [0m[48;2;51;6;0m [0m[48;2;55;6;0m [0m[48;2;58;6;0m [0m[48;2;61;10;0m [0m[48;2;72;11;0m [0m[48;2;72;11;0m [0m[48;2;71;13;0m [0m[48;2;77;11;0m [0m[48;2;77;14;0m [0m[48;2;59;23;7m [0m[48;2;26;23;16m [0m[48;2;78;77;66m [0m[48;2;122;114;110m [0m[48;2;126;128;124m [0m[48;2;136;138;132m [0m[48;2;130;133;126m [0m[48;2;126;128;124m [0m[48;2;124;125;120m [0m[48;2;124;122;118m [0m[48;2;128;132;127m [0m[48;2;127;132;120m [0m[48;2;121;126;113m [0m[48;2;161;158;142m [0m[48;2;175;154;130m [0m[48;2;150;118;94m [0m[48;2;120;83;61m [0m[48;2;89;53;31m [0m[48;2;62;29;12m [0m[48;2;30;13;5m [0m[48;2;0;0;0m [0m[48;2;0;0;0m [0m[48;2;0;0;0m [0m[48;2;0;0;0m [0m[48;2;0;0;0m [0m[48;2;0;0;0m [0m[48;2;0;0;0m [0m[48;2;0;3;3m [0m[48;2;0;0;0m [0m[48;2;6;7;5m [0m[48;2;25;26;22m [0m[48;2;37;34;32m [0m[48;2;19;13;13m [0m[48;2;38;29;25m [0m[48;2;58;44;40m [0m[48;2;80;59;49m [0m[48;2;98;65;51m [0m[48;2;109;70;48m [0m[48;2;109;65;40m [0m[48;2;102;56;32m [0m[48;2;92;53;23m [0m[48;2;78;47;24m [0m[48;2;56;30;13m [0m[48;2;42;17;3m [0m
[48;2;170;109;74m [0m[48;2;178;114;82m [0m[48;2;182;120;90m [0m[48;2;190;120;86m [0m[48;2;187;121;86m [0m[48;2;185;126;91m [0m[48;2;181;124;90m [0m[48;2;187;126;94m [0m[48;2;191;130;103m [0m[48;2;186;128;101m [0m[48;2;187;133;102m [0m[48;2;192;138;107m [0m[48;2;191;142;112m [0m[48;2;193;148;116m [0m[48;2;206;163;136m [0m[48;2;218;179;156m [0m[48;2;217;188;169m [0m[48;2;211;188;168m [0m[48;2;216;181;164m [0m[48;2;205;167;142m [0m[48;2;210;163;134m [0m[48;2;205;152;124m [0m[48;2;198;142;108m [0m[48;2;197;136;97m [0m[48;2;192;136;92m [0m[48;2;192;127;88m [0m[48;2;202;128;90m [0m[48;2;186;119;76m [0m[48;2;173;97;54m [0m[48;2;182;106;62m [0m[48;2;196;125;82m [0m[48;2;199;131;89m [0m[48;2;187;126;86m [0m[48;2;168;100;67m [0m[48;2;158;83;59m [0m[48;2;142;70;50m [0m[48;2;132;70;43m [0m[48;2;133;74;36m [0m[48;2;146;86;48m [0m[48;2;164;113;83m [0m[48;2;168;132;108m [0m[48;2;161;143;125m [0m[48;2;168;144;128m [0m[48;2;163;149;130m [0m[48;2;156;145;127m [0m[48;2;163;140;126m [0m[48;2;154;127;114m [0m[48;2;97;66;53m [0m[48;2;43;2;0m [0m[48;2;89;20;0m [0m[48;2;86;20;0m [0m[48;2;78;16;0m [0m[48;2;67;5;0m [0m[48;2;51;5;0m [0m[48;2;43;2;0m [0m[48;2;36;2;0m [0m[48;2;41;1;0m [0m[48;2;26;0;0m [0m[48;2;0;0;0m [0m[48;2;0;0;0m [0m[48;2;2;10;3m [0m[48;2;0;3;0m [0m[48;2;0;0;0m [0m[48;2;0;0;2m [0m[48;2;6;17;16m [0m[48;2;119;136;130m [0m[48;2;174;169;164m [0m[48;2;91;55;43m [0m[48;2;70;18;1m [0m[48;2;59;5;0m [0m[48;2;61;3;0m [0m[48;2;72;5;0m [0m[48;2;80;6;0m [0m[48;2;67;3;0m [0m[48;2;61;1;0m [0m[48;2;56;0;0m [0m[48;2;60;7;0m [0m[48;2;26;5;0m [0m[48;2;50;49;44m [0m[48;2;126;112;103m [0m[48;2;120;118;102m [0m[48;2;142;137;122m [0m[48;2;163;152;143m [0m[48;2;170;160;155m [0m[48;2;166;161;155m [0m[48;2;158;160;151m [0m[48;2;151;151;145m [0m[48;2;144;138;131m [0m[48;2;84;80;71m [0m[48;2;89;89;77m [0m[48;2;148;138;126m [0m[48;2;155;134;121m [0m[48;2;162;125;106m [0m[48;2;151;104;74m [0m[48;2;132;78;38m [0m[48;2;115;53;13m [0m[48;2;68;25;5m [0m[48;2;12;0;0m [0m[48;2;0;0;0m [0m[48;2;5;1;0m [0m[48;2;8;5;1m [0m[48;2;8;10;5m [0m[48;2;7;5;5m [0m[48;2;19;12;11m [0m[48;2;19;12;8m [0m[48;2;32;26;16m [0m[48;2;73;49;32m [0m[48;2;89;58;41m [0m[48;2;89;58;41m [0m[48;2;101;66;47m [0m[48;2;102;64;40m [0m[48;2;101;61;38m [0m[48;2;98;60;36m [0m[48;2;96;58;34m [0m[48;2;73;41;26m [0m[48;2;64;38;23m [0m[48;2;72;48;25m [0m[48;2;56;36;18m [0m[48;2;41;28;16m [0m[48;2;19;10;0m [0m
[48;2;174;113;74m [0m[48;2;178;113;74m [0m[48;2;178;118;82m [0m[48;2;186;121;88m [0m[48;2;185;120;86m [0m[48;2;184;121;88m [0m[48;2;181;121;89m [0m[48;2;182;125;91m [0m[48;2;184;125;94m [0m[48;2;181;126;94m [0m[48;2;187;131;97m [0m[48;2;192;131;102m [0m[48;2;194;140;112m [0m[48;2;196;146;116m [0m[48;2;205;161;132m [0m[48;2;208;167;143m [0m[48;2;209;175;155m [0m[48;2;215;182;163m [0m[48;2;217;175;155m [0m[48;2;215;179;160m [0m[48;2;200;167;144m [0m[48;2;204;164;132m [0m[48;2;200;152;122m [0m[48;2;194;136;98m [0m[48;2;188;127;84m [0m[48;2;190;127;79m [0m[48;2;192;126;74m [0m[48;2;176;108;60m [0m[48;2;184;115;73m [0m[48;2;198;131;94m [0m[48;2;199;132;96m [0m[48;2;169;95;58m [0m[48;2;152;85;43m [0m[48;2;151;79;41m [0m[48;2;163;78;41m [0m[48;2;166;90;53m [0m[48;2;181;94;48m [0m[48;2;150;79;35m [0m[48;2;157;118;84m [0m[48;2;150;119;91m [0m[48;2;148;115;94m [0m[48;2;152;118;94m [0m[48;2;158;125;102m [0m[48;2;168;132;112m [0m[48;2;175;137;122m [0m[48;2;131;106;89m [0m[48;2;90;64;45m [0m[48;2;82;51;35m [0m[48;2;36;5;0m [0m[48;2;62;5;0m [0m[48;2;97;23;0m [0m[48;2;119;38;0m [0m[48;2;128;37;0m [0m[48;2;108;23;0m [0m[48;2;72;10;0m [0m[48;2;53;1;0m [0m[48;2;50;1;0m [0m[48;2;44;1;0m [0m[48;2;14;0;0m [0m[48;2;0;0;0m [0m[48;2;0;0;0m [0m[48;2;0;0;0m [0m[48;2;0;0;0m [0m[48;2;0;0;0m [0m[48;2;2;0;0m [0m[48;2;64;40;30m [0m[48;2;97;53;35m [0m[48;2;72;16;0m [0m[48;2;60;3;0m [0m[48;2;58;0;0m [0m[48;2;62;0;0m [0m[48;2;66;6;0m [0m[48;2;68;11;0m [0m[48;2;72;13;0m [0m[48;2;68;20;3m [0m[48;2;71;31;16m [0m[48;2;82;43;29m [0m[48;2;101;83;70m [0m[48;2;116;107;94m [0m[48;2;157;138;126m [0m[48;2;164;144;127m [0m[48;2;148;127;110m [0m[48;2;146;125;116m [0m[48;2;134;118;108m [0m[48;2;124;112;100m [0m[48;2;110;101;89m [0m[48;2;98;90;79m [0m[48;2;95;84;74m [0m[48;2;95;83;77m [0m[48;2;106;94;88m [0m[48;2;119;106;92m [0m[48;2;138;122;108m [0m[48;2;158;130;113m [0m[48;2;157;113;94m [0m[48;2;154;96;66m [0m[48;2;136;64;17m [0m[48;2;122;56;6m [0m[48;2;113;50;25m [0m[48;2;35;12;5m [0m[48;2;10;3;7m [0m[48;2;2;5;2m [0m[48;2;3;3;0m [0m[48;2;0;0;0m [0m[48;2;16;11;7m [0m[48;2;19;14;8m [0m[48;2;34;30;18m [0m[48;2;56;38;28m [0m[48;2;82;58;47m [0m[48;2;83;56;44m [0m[48;2;86;58;43m [0m[48;2;89;60;44m [0m[48;2;77;53;41m [0m[48;2;58;37;30m [0m[48;2;37;19;12m [0m[48;2;43;22;10m [0m[48;2;64;37;19m [0m[48;2;71;42;28m [0m[48;2;44;25;18m [0m[48;2;6;5;0m [0m[48;2;0;0;0m [0m
[48;2;168;108;73m [0m[48;2;175;109;71m [0m[48;2;178;115;83m [0m[48;2;181;119;85m [0m[48;2;180;120;84m [0m[48;2;179;121;90m [0m[48;2;181;125;96m [0m[48;2;182;125;96m [0m[48;2;182;125;95m [0m[48;2;184;125;96m [0m[48;2;184;124;94m [0m[48;2;186;131;100m [0m[48;2;190;140;110m [0m[48;2;191;150;115m [0m[48;2;204;164;130m [0m[48;2;204;160;137m [0m[48;2;204;160;136m [0m[48;2;209;166;140m [0m[48;2;206;168;142m [0m[48;2;200;161;136m [0m[48;2;205;152;125m [0m[48;2;203;146;112m [0m[48;2;196;136;100m [0m[48;2;194;128;84m [0m[48;2;197;126;84m [0m[48;2;199;126;84m [0m[48;2;203;128;84m [0m[48;2;203;133;89m [0m[48;2;217;155;110m [0m[48;2;200;138;95m [0m[48;2;181;109;65m [0m[48;2;178;114;68m [0m[48;2;198;130;90m [0m[48;2;197;138;97m [0m[48;2;192;113;48m [0m[48;2;208;113;51m [0m[48;2;209;116;58m [0m[48;2;137;72;29m [0m[48;2;97;43;12m [0m[48;2;116;62;24m [0m[48;2;143;94;60m [0m[48;2;155;110;90m [0m[48;2;160;122;98m [0m[48;2;174;139;114m [0m[48;2;180;148;127m [0m[48;2;164;131;114m [0m[48;2;128;103;85m [0m[48;2;125;97;79m [0m[48;2;101;70;48m [0m[48;2;64;20;0m [0m[48;2;88;19;0m [0m[48;2;108;34;0m [0m[48;2;126;42;0m [0m[48;2;139;47;0m [0m[48;2;125;38;0m [0m[48;2;98;20;0m [0m[48;2;84;16;0m [0m[48;2;71;13;0m [0m[48;2;68;11;0m [0m[48;2;60;6;0m [0m[48;2;47;6;0m [0m[48;2;43;5;2m [0m[48;2;48;6;3m [0m[48;2;54;10;2m [0m[48;2;65;17;6m [0m[48;2;66;16;1m [0m[48;2;70;17;0m [0m[48;2;78;25;14m [0m[48;2;84;35;23m [0m[48;2;86;41;25m [0m[48;2;88;41;28m [0m[48;2;89;44;34m [0m[48;2;80;48;36m [0m[48;2;76;45;36m [0m[48;2;64;41;32m [0m[48;2;54;36;29m [0m[48;2;40;23;14m [0m[48;2;50;26;17m [0m[48;2;90;62;45m [0m[48;2;100;79;60m [0m[48;2;106;89;70m [0m[48;2;103;86;73m [0m[48;2;89;80;66m [0m[48;2;91;79;68m [0m[48;2;98;84;73m [0m[48;2;107;95;83m [0m[48;2;118;106;95m [0m[48;2;132;113;102m [0m[48;2;142;120;108m [0m[48;2;156;130;114m [0m[48;2;169;136;116m [0m[48;2;173;136;115m [0m[48;2;164;119;96m [0m[48;2;155;107;77m [0m[48;2;163;107;73m [0m[48;2;150;80;38m [0m[48;2;176;108;60m [0m[48;2;170;102;49m [0m[48;2;130;47;6m [0m[48;2;73;12;0m [0m[48;2;23;5;1m [0m[48;2;8;6;8m [0m[48;2;10;8;6m [0m[48;2;23;23;22m [0m[48;2;13;14;17m [0m[48;2;11;12;12m [0m[48;2;16;16;13m [0m[48;2;18;19;12m [0m[48;2;29;25;17m [0m[48;2;47;35;26m [0m[48;2;38;26;18m [0m[48;2;22;11;5m [0m[48;2;16;7;2m [0m[48;2;20;12;8m [0m[48;2;26;13;8m [0m[48;2;32;20;12m [0m[48;2;36;26;19m [0m[48;2;26;16;12m [0m[48;2;28;18;10m [0m[48;2;29;20;11m [0m
[48;2;168;107;72m [0m[48;2;174;108;68m [0m[48;2;173;110;79m [0m[48;2;175;113;78m [0m[48;2;176;115;79m [0m[48;2;178;115;82m [0m[48;2;181;118;85m [0m[48;2;185;122;90m [0m[48;2;188;124;95m [0m[48;2;187;126;97m [0m[48;2;187;127;97m [0m[48;2;190;130;100m [0m[48;2;190;137;107m [0m[48;2;192;143;115m [0m[48;2;203;154;128m [0m[48;2;211;162;136m [0m[48;2;205;162;136m [0m[48;2;204;162;134m [0m[48;2;200;157;128m [0m[48;2;192;140;112m [0m[48;2;206;144;115m [0m[48;2;198;139;104m [0m[48;2;193;132;90m [0m[48;2;200;134;86m [0m[48;2;211;143;95m [0m[48;2;216;151;110m [0m[48;2;210;148;114m [0m[48;2;222;162;133m [0m[48;2;224;163;122m [0m[48;2;176;106;56m [0m[48;2;157;80;28m [0m[48;2;178;104;50m [0m[48;2;190;106;54m [0m[48;2;190;114;60m [0m[48;2;181;103;42m [0m[48;2;181;94;35m [0m[48;2;191;102;44m [0m[48;2;200;103;43m [0m[48;2;174;90;35m [0m[48;2;122;67;24m [0m[48;2;90;53;13m [0m[48;2;89;62;37m [0m[48;2;91;72;60m [0m[48;2;98;79;67m [0m[48;2;107;88;72m [0m[48;2;116;96;82m [0m[48;2;126;101;88m [0m[48;2;126;104;89m [0m[48;2;126;104;89m [0m[48;2;103;67;38m [0m[48;2;71;25;0m [0m[48;2;55;7;0m [0m[48;2;76;19;0m [0m[48;2;79;24;0m [0m[48;2;80;26;0m [0m[48;2;86;28;1m [0m[48;2;86;25;2m [0m[48;2;78;18;2m [0m[48;2;64;20;7m [0m[48;2;62;20;8m [0m[48;2;59;20;11m [0m[48;2;55;24;13m [0m[48;2;53;22;11m [0m[48;2;50;20;12m [0m[48;2;48;19;13m [0m[48;2;51;22;16m [0m[48;2;55;20;12m [0m[48;2;49;17;8m [0m[48;2;53;14;6m [0m[48;2;56;11;5m [0m[48;2;50;6;0m [0m[48;2;49;6;0m [0m[48;2;47;1;0m [0m[48;2;41;0;0m [0m[48;2;25;0;0m [0m[48;2;14;0;0m [0m[48;2;28;8;0m [0m[48;2;82;60;44m [0m[48;2;119;95;83m [0m[48;2;127;107;94m [0m[48;2;132;112;100m [0m[48;2;142;121;110m [0m[48;2;150;133;120m [0m[48;2;157;144;130m [0m[48;2;168;152;137m [0m[48;2;184;166;150m [0m[48;2;182;161;150m [0m[48;2;187;161;148m [0m[48;2;196;167;149m [0m[48;2;185;145;125m [0m[48;2;181;136;113m [0m[48;2;166;125;95m [0m[48;2;168;102;67m [0m[48;2;174;97;49m [0m[48;2;162;89;36m [0m[48;2;179;103;56m [0m[48;2;205;125;84m [0m[48;2;176;97;48m [0m[48;2;162;80;24m [0m[48;2;146;60;8m [0m[48;2;114;41;1m [0m[48;2;68;24;7m [0m[48;2;43;14;7m [0m[48;2;26;12;5m [0m[48;2;32;19;14m [0m[48;2;32;19;13m [0m[48;2;29;22;17m [0m[48;2;11;10;3m [0m[48;2;14;10;5m [0m[48;2;23;10;3m [0m[48;2;40;31;22m [0m[48;2;38;28;22m [0m[48;2;42;30;28m [0m[48;2;45;38;32m [0m[48;2;54;38;29m [0m[48;2;66;44;30m [0m[48;2;71;45;23m [0m[48;2;68;37;19m [0m[48;2;56;30;12m [0m[48;2;41;18;0m [0m
[48;2;162;104;65m [0m[48;2;168;109;68m [0m[48;2;170;114;80m [0m[48;2;179;119;85m [0m[48;2;180;120;88m [0m[48;2;176;118;83m [0m[48;2;174;116;80m [0m[48;2;179;118;83m [0m[48;2;185;120;91m [0m[48;2;190;128;100m [0m[48;2;186;128;96m [0m[48;2;190;133;100m [0m[48;2;197;137;108m [0m[48;2;194;136;106m [0m[48;2;200;145;115m [0m[48;2;202;148;119m [0m[48;2;214;166;136m [0m[48;2;209;164;137m [0m[48;2;203;162;139m [0m[48;2;194;148;115m [0m[48;2;196;134;95m [0m[48;2;197;139;102m [0m[48;2;204;144;106m [0m[48;2;209;145;107m [0m[48;2;211;145;109m [0m[48;2;209;146;108m [0m[48;2;205;148;104m [0m[48;2;200;143;100m [0m[48;2;198;133;95m [0m[48;2;191;116;74m [0m[48;2;191;119;71m [0m[48;2;186;114;62m [0m[48;2;172;106;50m [0m[48;2;178;107;53m [0m[48;2;179;106;51m [0m[48;2;172;100;47m [0m[48;2;178;96;55m [0m[48;2;174;89;47m [0m[48;2;176;92;45m [0m[48;2;167;91;53m [0m[48;2;158;88;49m [0m[48;2;148;88;54m [0m[48;2;138;86;54m [0m[48;2;140;89;59m [0m[48;2;136;94;70m [0m[48;2;131;97;76m [0m[48;2;128;103;86m [0m[48;2;130;107;96m [0m[48;2;132;112;100m [0m[48;2;132;115;107m [0m[48;2;114;100;90m [0m[48;2;72;55;41m [0m[48;2;56;23;0m [0m[48;2;67;11;0m [0m[48;2;74;14;0m [0m[48;2;91;19;0m [0m[48;2;89;18;0m [0m[48;2;88;17;0m [0m[48;2;79;12;0m [0m[48;2;68;5;0m [0m[48;2;60;0;0m [0m[48;2;56;0;0m [0m[48;2;53;0;0m [0m[48;2;43;0;0m [0m[48;2;44;0;0m [0m[48;2;51;0;0m [0m[48;2;53;0;0m [0m[48;2;54;0;0m [0m[48;2;60;0;0m [0m[48;2;67;0;0m [0m[48;2;70;0;0m [0m[48;2;67;0;0m [0m[48;2;65;1;0m [0m[48;2;60;11;0m [0m[48;2;59;35;16m [0m[48;2;101;84;67m [0m[48;2;151;124;109m [0m[48;2;154;124;109m [0m[48;2;148;120;106m [0m[48;2;164;140;131m [0m[48;2;190;169;160m [0m[48;2;204;186;172m [0m[48;2;200;178;166m [0m[48;2;197;179;164m [0m[48;2;199;181;168m [0m[48;2;203;178;169m [0m[48;2;194;163;151m [0m[48;2;198;157;138m [0m[48;2;193;148;122m [0m[48;2;181;139;109m [0m[48;2;178;126;86m [0m[48;2;178;107;60m [0m[48;2;179;98;37m [0m[48;2;176;90;24m [0m[48;2;179;90;26m [0m[48;2;176;89;28m [0m[48;2;160;77;19m [0m[48;2;149;70;19m [0m[48;2;132;56;14m [0m[48;2;113;50;5m [0m[48;2;119;62;18m [0m[48;2;125;70;34m [0m[48;2;122;70;40m [0m[48;2;112;62;38m [0m[48;2;103;58;35m [0m[48;2;101;60;34m [0m[48;2;100;59;34m [0m[48;2;92;55;31m [0m[48;2;86;49;26m [0m[48;2;102;64;36m [0m[48;2;101;68;38m [0m[48;2;95;59;35m [0m[48;2;100;59;37m [0m[48;2;106;64;38m [0m[48;2;106;65;38m [0m[48;2;94;51;24m [0m[48;2;83;45;12m [0m[48;2;68;37;12m [0m[48;2;56;24;5m [0m[48;2;49;18;0m [0m
[48;2;166;109;66m [0m[48;2;176;113;71m [0m[48;2;186;116;79m [0m[48;2;184;118;79m [0m[48;2;184;120;84m [0m[48;2;184;122;85m [0m[48;2;180;121;85m [0m[48;2;179;121;89m [0m[48;2;180;118;89m [0m[48;2;185;121;94m [0m[48;2;188;127;98m [0m[48;2;191;133;103m [0m[48;2;187;134;103m [0m[48;2;184;130;97m [0m[48;2;191;139;109m [0m[48;2;193;152;124m [0m[48;2;196;158;126m [0m[48;2;198;156;125m [0m[48;2;205;161;133m [0m[48;2;188;146;115m [0m[48;2;197;146;116m [0m[48;2;202;146;119m [0m[48;2;198;145;113m [0m[48;2;197;142;112m [0m[48;2;197;142;107m [0m[48;2;203;148;109m [0m[48;2;204;148;108m [0m[48;2;197;134;92m [0m[48;2;199;128;86m [0m[48;2;211;138;98m [0m[48;2;203;134;97m [0m[48;2;198;137;102m [0m[48;2;202;134;97m [0m[48;2;188;127;96m [0m[48;2;158;104;83m [0m[48;2;193;132;100m [0m[48;2;185;119;84m [0m[48;2;187;121;83m [0m[48;2;185;119;82m [0m[48;2;190;119;88m [0m[48;2;194;127;98m [0m[48;2;192;125;85m [0m[48;2;188;118;77m [0m[48;2;188;119;77m [0m[48;2;187;116;78m [0m[48;2;191;124;82m [0m[48;2;190;122;79m [0m[48;2;188;124;84m [0m[48;2;188;126;94m [0m[48;2;185;139;106m [0m[48;2;187;149;118m [0m[48;2;187;150;121m [0m[48;2;161;126;102m [0m[48;2;120;85;65m [0m[48;2;100;59;34m [0m[48;2;98;42;11m [0m[48;2;101;36;2m [0m[48;2;115;35;0m [0m[48;2;119;34;0m [0m[48;2;115;32;1m [0m[48;2;107;24;0m [0m[48;2;102;19;0m [0m[48;2;97;13;0m [0m[48;2;92;13;0m [0m[48;2;88;10;0m [0m[48;2;85;6;0m [0m[48;2;89;7;0m [0m[48;2;83;2;0m [0m[48;2;74;3;0m [0m[48;2;77;16;0m [0m[48;2;76;30;2m [0m[48;2;78;50;26m [0m[48;2;102;76;62m [0m[48;2;136;115;103m [0m[48;2;164;144;137m [0m[48;2;164;145;133m [0m[48;2;149;130;116m [0m[48;2;155;133;124m [0m[48;2;181;161;154m [0m[48;2;200;180;173m [0m[48;2;204;184;174m [0m[48;2;194;173;157m [0m[48;2;194;164;149m [0m[48;2;192;163;149m [0m[48;2;191;163;139m [0m[48;2;196;148;121m [0m[48;2;192;133;100m [0m[48;2;194;118;65m [0m[48;2;197;114;61m [0m[48;2;185;104;55m [0m[48;2;184;101;41m [0m[48;2;186;102;34m [0m[48;2;175;92;34m [0m[48;2;170;90;40m [0m[48;2;158;80;31m [0m[48;2;142;74;32m [0m[48;2;143;82;41m [0m[48;2;132;66;30m [0m[48;2;108;53;26m [0m[48;2;90;45;23m [0m[48;2;91;48;22m [0m[48;2;92;51;24m [0m[48;2;108;67;36m [0m[48;2;121;82;53m [0m[48;2;128;88;62m [0m[48;2;124;80;54m [0m[48;2;116;73;47m [0m[48;2;116;71;43m [0m[48;2;119;74;44m [0m[48;2;113;71;41m [0m[48;2;110;70;37m [0m[48;2;116;71;38m [0m[48;2;118;70;37m [0m[48;2;109;66;32m [0m[48;2;97;62;26m [0m[48;2;85;50;17m [0m[48;2;79;44;16m [0m[48;2;67;38;13m [0m[48;2;50;22;1m [0m[48;2;40;13;0m [0m
[48;2;162;103;66m [0m[48;2;176;112;65m [0m[48;2;184;109;65m [0m[48;2;185;108;65m [0m[48;2;182;115;77m [0m[48;2;179;115;78m [0m[48;2;175;113;78m [0m[48;2;181;122;91m [0m[48;2;184;125;95m [0m[48;2;186;125;96m [0m[48;2;185;125;95m [0m[48;2;184;130;96m [0m[48;2;184;128;95m [0m[48;2;191;133;97m [0m[48;2;192;137;103m [0m[48;2;185;142;115m [0m[48;2;190;149;121m [0m[48;2;199;151;125m [0m[48;2;206;157;131m [0m[48;2;204;156;126m [0m[48;2;208;161;133m [0m[48;2;206;170;142m [0m[48;2;204;163;134m [0m[48;2;203;156;130m [0m[48;2;206;161;137m [0m[48;2;211;166;136m [0m[48;2;200;143;114m [0m[48;2;211;146;114m [0m[48;2;198;137;94m [0m[48;2;200;131;90m [0m[48;2;202;130;92m [0m[48;2;197;134;101m [0m[48;2;164;113;91m [0m[48;2;83;58;49m [0m[48;2;166;119;92m [0m[48;2;198;138;97m [0m[48;2;194;128;91m [0m[48;2;204;139;98m [0m[48;2;197;134;95m [0m[48;2;210;155;120m [0m[48;2;197;149;108m [0m[48;2;200;139;96m [0m[48;2;220;155;118m [0m[48;2;197;130;86m [0m[48;2;184;116;83m [0m[48;2;173;106;77m [0m[48;2;172;102;72m [0m[48;2;173;98;72m [0m[48;2;166;101;73m [0m[48;2;176;113;82m [0m[48;2;181;118;82m [0m[48;2;184;121;83m [0m[48;2;193;125;88m [0m[48;2;192;126;90m [0m[48;2;191;128;86m [0m[48;2;168;115;79m [0m[48;2;148;102;67m [0m[48;2;144;92;60m [0m[48;2;134;83;49m [0m[48;2;125;72;38m [0m[48;2;127;67;35m [0m[48;2;124;62;29m [0m[48;2;116;62;31m [0m[48;2;115;83;61m [0m[48;2;121;92;78m [0m[48;2;107;74;53m [0m[48;2;116;85;62m [0m[48;2;125;85;67m [0m[48;2;131;101;85m [0m[48;2;137;118;102m [0m[48;2;149;132;112m [0m[48;2;164;145;131m [0m[48;2;166;145;134m [0m[48;2;163;142;127m [0m[48;2;156;132;112m [0m[48;2;160;133;112m [0m[48;2;184;154;137m [0m[48;2;199;167;155m [0m[48;2;205;170;155m [0m[48;2;203;156;131m [0m[48;2;199;150;115m [0m[48;2;198;139;102m [0m[48;2;194;125;90m [0m[48;2;200;127;76m [0m[48;2;202;120;65m [0m[48;2;208;119;56m [0m[48;2;204;116;54m [0m[48;2;204;119;54m [0m[48;2;193;113;51m [0m[48;2;185;108;64m [0m[48;2;175;100;62m [0m[48;2;170;97;55m [0m[48;2;151;83;49m [0m[48;2;124;61;42m [0m[48;2;118;60;40m [0m[48;2;102;51;32m [0m[48;2;103;55;42m [0m[48;2;100;51;35m [0m[48;2;106;58;36m [0m[48;2;118;67;43m [0m[48;2;113;64;37m [0m[48;2;108;64;36m [0m[48;2;101;59;34m [0m[48;2;108;62;35m [0m[48;2;121;72;43m [0m[48;2;115;68;37m [0m[48;2;115;70;38m [0m[48;2;121;71;41m [0m[48;2;120;71;40m [0m[48;2;110;68;35m [0m[48;2;110;67;32m [0m[48;2;113;70;36m [0m[48;2;109;66;36m [0m[48;2;104;64;36m [0m[48;2;90;56;28m [0m[48;2;84;49;17m [0m[48;2;78;42;11m [0m[48;2;70;37;12m [0m[48;2;51;23;0m [0m[48;2;36;12;0m [0m
[48;2;166;102;65m [0m[48;2;172;106;70m [0m[48;2;179;110;72m [0m[48;2;184;113;72m [0m[48;2;182;118;79m [0m[48;2;182;118;84m [0m[48;2;178;116;82m [0m[48;2;176;119;83m [0m[48;2;181;120;89m [0m[48;2;180;120;89m [0m[48;2;182;125;90m [0m[48;2;178;121;84m [0m[48;2;182;127;94m [0m[48;2;157;110;82m [0m[48;2;128;90;70m [0m[48;2;180;128;104m [0m[48;2;191;136;102m [0m[48;2;192;145;115m [0m[48;2;192;148;120m [0m[48;2;199;155;127m [0m[48;2;199;161;138m [0m[48;2;200;162;142m [0m[48;2;205;166;145m [0m[48;2;206;173;149m [0m[48;2;206;175;157m [0m[48;2;172;139;131m [0m[48;2;199;154;128m [0m[48;2;200;152;119m [0m[48;2;199;146;112m [0m[48;2;198;131;98m [0m[48;2;203;137;102m [0m[48;2;198;133;94m [0m[48;2;140;97;72m [0m[48;2;138;91;65m [0m[48;2;192;131;95m [0m[48;2;184;124;83m [0m[48;2;191;125;84m [0m[48;2;194;127;83m [0m[48;2;192;132;91m [0m[48;2;221;157;127m [0m[48;2;211;148;115m [0m[48;2;204;136;97m [0m[48;2;196;131;83m [0m[48;2;184;115;73m [0m[48;2;156;89;59m [0m[48;2;155;90;66m [0m[48;2;173;109;80m [0m[48;2;174;114;80m [0m[48;2;169;100;73m [0m[48;2;173;114;91m [0m[48;2;175;121;94m [0m[48;2;185;130;102m [0m[48;2;186;128;103m [0m[48;2;191;138;110m [0m[48;2;188;131;106m [0m[48;2;199;138;110m [0m[48;2;196;134;94m [0m[48;2;155;97;72m [0m[48;2;167;121;95m [0m[48;2;173;115;88m [0m[48;2;167;113;86m [0m[48;2;173;130;101m [0m[48;2;174;130;94m [0m[48;2;157;120;91m [0m[48;2;156;132;119m [0m[48;2;167;126;106m [0m[48;2;163;114;86m [0m[48;2;174;127;96m [0m[48;2;164;116;83m [0m[48;2;160;112;79m [0m[48;2;173;120;86m [0m[48;2;176;115;79m [0m[48;2;172;113;79m [0m[48;2;172;112;79m [0m[48;2;192;126;86m [0m[48;2;199;137;89m [0m[48;2;199;130;79m [0m[48;2;203;131;79m [0m[48;2;198;119;73m [0m[48;2;192;110;71m [0m[48;2;186;109;64m [0m[48;2;187;112;58m [0m[48;2;178;107;67m [0m[48;2;180;107;61m [0m[48;2;172;97;55m [0m[48;2;173;102;65m [0m[48;2;160;90;54m [0m[48;2;162;95;54m [0m[48;2;191;118;68m [0m[48;2;172;100;53m [0m[48;2;139;77;48m [0m[48;2;142;78;64m [0m[48;2;169;103;78m [0m[48;2;170;107;68m [0m[48;2;152;92;55m [0m[48;2;140;85;53m [0m[48;2;133;79;51m [0m[48;2;112;61;37m [0m[48;2;95;54;37m [0m[48;2;94;60;40m [0m[48;2;100;62;40m [0m[48;2;114;70;44m [0m[48;2;124;74;44m [0m[48;2;118;70;35m [0m[48;2;118;71;34m [0m[48;2;122;76;43m [0m[48;2;118;73;41m [0m[48;2;114;70;36m [0m[48;2;116;73;38m [0m[48;2;110;72;35m [0m[48;2;104;66;25m [0m[48;2;104;64;29m [0m[48;2;106;64;35m [0m[48;2;102;60;30m [0m[48;2;90;53;23m [0m[48;2;82;45;13m [0m[48;2;77;38;6m [0m[48;2;71;34;10m [0m[48;2;53;22;0m [0m[48;2;32;11;0m [0m
[48;2;163;103;58m [0m[48;2;163;106;67m [0m[48;2;168;110;80m [0m[48;2;175;114;84m [0m[48;2;174;114;83m [0m[48;2;179;118;84m [0m[48;2;179;116;80m [0m[48;2;180;116;83m [0m[48;2;182;118;89m [0m[48;2;182;122;94m [0m[48;2;181;126;94m [0m[48;2;180;122;88m [0m[48;2;188;126;96m [0m[48;2;174;115;86m [0m[48;2;154;102;76m [0m[48;2;178;121;90m [0m[48;2;186;130;100m [0m[48;2;187;134;104m [0m[48;2;185;136;106m [0m[48;2;192;145;118m [0m[48;2;193;156;132m [0m[48;2;194;158;136m [0m[48;2;202;160;139m [0m[48;2;200;167;143m [0m[48;2;198;167;144m [0m[48;2;192;158;140m [0m[48;2;205;168;144m [0m[48;2;193;155;126m [0m[48;2;196;149;116m [0m[48;2;193;138;103m [0m[48;2;200;140;108m [0m[48;2;197;137;102m [0m[48;2;191;130;95m [0m[48;2;208;139;98m [0m[48;2;199;133;97m [0m[48;2;197;130;98m [0m[48;2;193;127;88m [0m[48;2;186;121;74m [0m[48;2;187;130;89m [0m[48;2;188;131;91m [0m[48;2;199;130;86m [0m[48;2;181;110;67m [0m[48;2;193;122;73m [0m[48;2;182;113;78m [0m[48;2;157;85;62m [0m[48;2;181;110;72m [0m[48;2;170;98;65m [0m[48;2;176;104;72m [0m[48;2;185;114;80m [0m[48;2;184;122;85m [0m[48;2;200;142;97m [0m[48;2;198;139;101m [0m[48;2;198;142;106m [0m[48;2;188;130;100m [0m[48;2;151;106;89m [0m[48;2;176;121;100m [0m[48;2;161;101;77m [0m[48;2;120;82;71m [0m[48;2;162;119;104m [0m[48;2;179;127;108m [0m[48;2;156;110;84m [0m[48;2;164;113;100m [0m[48;2;158;124;104m [0m[48;2;156;132;113m [0m[48;2;157;120;98m [0m[48;2;170;124;94m [0m[48;2;176;136;109m [0m[48;2;170;130;101m [0m[48;2;146;106;82m [0m[48;2;137;85;72m [0m[48;2;137;90;79m [0m[48;2;152;108;84m [0m[48;2;169;119;97m [0m[48;2;168;110;89m [0m[48;2;157;96;74m [0m[48;2;139;79;59m [0m[48;2;149;82;54m [0m[48;2;154;98;72m [0m[48;2;169;120;96m [0m[48;2;187;139;107m [0m[48;2;172;106;68m [0m[48;2;175;112;78m [0m[48;2;154;92;60m [0m[48;2;154;90;61m [0m[48;2;130;70;45m [0m[48;2;127;71;49m [0m[48;2;154;92;65m [0m[48;2;125;64;36m [0m[48;2;122;84;56m [0m[48;2;172;113;82m [0m[48;2;161;103;72m [0m[48;2;144;83;55m [0m[48;2;121;78;64m [0m[48;2;155;109;89m [0m[48;2;173;116;77m [0m[48;2;157;102;65m [0m[48;2;145;91;61m [0m[48;2;140;79;53m [0m[48;2;125;68;43m [0m[48;2;109;60;35m [0m[48;2;107;61;34m [0m[48;2;104;59;35m [0m[48;2;118;73;44m [0m[48;2;115;71;44m [0m[48;2;125;80;55m [0m[48;2;125;83;51m [0m[48;2;124;82;48m [0m[48;2;116;77;42m [0m[48;2;115;76;42m [0m[48;2;113;72;41m [0m[48;2;107;66;35m [0m[48;2;103;61;35m [0m[48;2;100;56;32m [0m[48;2;96;51;25m [0m[48;2;86;47;19m [0m[48;2;80;42;14m [0m[48;2;76;37;10m [0m[48;2;71;29;10m [0m[48;2;53;19;2m [0m[48;2;31;13;0m [0m
[48;2;157;96;60m [0m[48;2;163;104;72m [0m[48;2;164;106;77m [0m[48;2;170;108;79m [0m[48;2;172;109;82m [0m[48;2;172;112;79m [0m[48;2;174;114;80m [0m[48;2;175;116;83m [0m[48;2;180;119;89m [0m[48;2;179;116;88m [0m[48;2;184;122;92m [0m[48;2;178;115;84m [0m[48;2;166;112;77m [0m[48;2;182;122;86m [0m[48;2;190;126;90m [0m[48;2;184;122;86m [0m[48;2;190;131;97m [0m[48;2;191;132;98m [0m[48;2;192;133;101m [0m[48;2;192;138;108m [0m[48;2;186;136;108m [0m[48;2;188;138;107m [0m[48;2;187;139;108m [0m[48;2;197;150;130m [0m[48;2;196;156;132m [0m[48;2;197;158;133m [0m[48;2;203;164;143m [0m[48;2;202;166;145m [0m[48;2;197;162;133m [0m[48;2;187;151;124m [0m[48;2;188;138;108m [0m[48;2;198;138;106m [0m[48;2;198;138;108m [0m[48;2;196;139;108m [0m[48;2;202;146;113m [0m[48;2;203;138;106m [0m[48;2;208;142;103m [0m[48;2;208;149;108m [0m[48;2;198;140;103m [0m[48;2;198;132;85m [0m[48;2;185;113;62m [0m[48;2;164;92;45m [0m[48;2;185;119;71m [0m[48;2;167;98;67m [0m[48;2;168;96;73m [0m[48;2;185;109;83m [0m[48;2;187;109;73m [0m[48;2;198;128;84m [0m[48;2;199;136;97m [0m[48;2;196;136;95m [0m[48;2;199;133;91m [0m[48;2;162;112;82m [0m[48;2;169;108;59m [0m[48;2;184;121;78m [0m[48;2;154;108;90m [0m[48;2;187;116;74m [0m[48;2;176;126;94m [0m[48;2;143;109;92m [0m[48;2;176;132;104m [0m[48;2;176;122;98m [0m[48;2;152;98;78m [0m[48;2;119;80;70m [0m[48;2;182;149;131m [0m[48;2;197;168;143m [0m[48;2;186;157;128m [0m[48;2;184;149;124m [0m[48;2;179;144;109m [0m[48;2;181;136;98m [0m[48;2;149;109;86m [0m[48;2;139;94;82m [0m[48;2;144;104;90m [0m[48;2;157;116;98m [0m[48;2;158;125;112m [0m[48;2;179;137;119m [0m[48;2;187;134;97m [0m[48;2;162;110;78m [0m[48;2;144;91;80m [0m[48;2;121;74;64m [0m[48;2;113;86;77m [0m[48;2;184;136;120m [0m[48;2;193;128;96m [0m[48;2;194;132;95m [0m[48;2;198;136;95m [0m[48;2;202;139;100m [0m[48;2;205;140;100m [0m[48;2;172;104;67m [0m[48;2;146;92;68m [0m[48;2;155;98;62m [0m[48;2;143;103;78m [0m[48;2;155;107;89m [0m[48;2;196;131;98m [0m[48;2;173;103;71m [0m[48;2;140;89;60m [0m[48;2;139;98;85m [0m[48;2;143;103;77m [0m[48;2;155;102;67m [0m[48;2;155;100;68m [0m[48;2;146;91;62m [0m[48;2;138;89;58m [0m[48;2;132;85;58m [0m[48;2;125;76;48m [0m[48;2;132;85;50m [0m[48;2;127;84;50m [0m[48;2;124;80;51m [0m[48;2;121;76;49m [0m[48;2;125;76;45m [0m[48;2;119;77;47m [0m[48;2;114;72;44m [0m[48;2;113;70;43m [0m[48;2;109;70;38m [0m[48;2;106;64;37m [0m[48;2;98;56;30m [0m[48;2;92;53;25m [0m[48;2;85;49;20m [0m[48;2;82;45;18m [0m[48;2;78;41;11m [0m[48;2;72;34;7m [0m[48;2;65;28;7m [0m[48;2;53;22;1m [0m[48;2;35;14;0m [0m
[48;2;155;96;56m [0m[48;2;157;102;59m [0m[48;2;161;103;66m [0m[48;2;169;106;78m [0m[48;2;170;107;78m [0m[48;2;172;108;80m [0m[48;2;173;109;82m [0m[48;2;175;113;84m [0m[48;2;178;121;90m [0m[48;2;174;119;89m [0m[48;2;176;122;84m [0m[48;2;139;98;71m [0m[48;2;97;68;56m [0m[48;2;175;116;86m [0m[48;2;181;124;86m [0m[48;2;185;127;92m [0m[48;2;181;120;88m [0m[48;2;182;120;89m [0m[48;2;188;128;92m [0m[48;2;197;142;103m [0m[48;2;180;126;97m [0m[48;2;193;139;116m [0m[48;2;204;149;125m [0m[48;2;184;131;98m [0m[48;2;199;149;116m [0m[48;2;204;161;133m [0m[48;2;199;161;137m [0m[48;2;206;164;139m [0m[48;2;203;164;139m [0m[48;2;205;172;146m [0m[48;2;199;162;137m [0m[48;2;187;137;110m [0m[48;2;194;143;108m [0m[48;2;194;140;108m [0m[48;2;202;145;114m [0m[48;2;202;138;103m [0m[48;2;204;146;119m [0m[48;2;187;143;116m [0m[48;2;198;145;107m [0m[48;2;191;128;91m [0m[48;2;193;134;98m [0m[48;2;193;133;90m [0m[48;2;178;112;64m [0m[48;2;166;103;65m [0m[48;2;182;116;76m [0m[48;2;182;115;74m [0m[48;2;190;122;82m [0m[48;2;185;110;67m [0m[48;2;187;121;74m [0m[48;2;188;128;79m [0m[48;2;193;126;77m [0m[48;2;198;131;80m [0m[48;2;190;112;65m [0m[48;2;198;136;106m [0m[48;2;161;110;88m [0m[48;2;192;137;90m [0m[48;2;188;142;118m [0m[48;2;166;106;74m [0m[48;2;179;121;88m [0m[48;2;163;121;100m [0m[48;2;173;140;116m [0m[48;2;186;152;130m [0m[48;2;209;166;134m [0m[48;2;206;160;131m [0m[48;2;206;170;145m [0m[48;2;198;158;133m [0m[48;2;175;139;112m [0m[48;2;179;146;124m [0m[48;2;176;125;90m [0m[48;2;146;118;112m [0m[48;2;150;118;101m [0m[48;2;193;148;122m [0m[48;2;146;120;108m [0m[48;2;179;144;132m [0m[48;2;206;167;137m [0m[48;2;203;163;133m [0m[48;2;197;146;118m [0m[48;2;173;106;71m [0m[48;2;115;80;71m [0m[48;2;142;106;91m [0m[48;2;206;151;121m [0m[48;2;199;149;119m [0m[48;2;203;148;120m [0m[48;2;196;143;114m [0m[48;2;206;152;125m [0m[48;2;202;146;119m [0m[48;2;180;119;86m [0m[48;2;158;101;71m [0m[48;2;164;118;95m [0m[48;2;166;122;101m [0m[48;2;157;109;82m [0m[48;2;166;112;76m [0m[48;2;155;101;78m [0m[48;2;156;109;79m [0m[48;2;158;109;82m [0m[48;2;152;103;71m [0m[48;2;156;102;67m [0m[48;2;155;98;70m [0m[48;2;148;96;66m [0m[48;2;145;94;64m [0m[48;2;149;94;65m [0m[48;2;144;90;61m [0m[48;2;143;92;60m [0m[48;2;139;89;56m [0m[48;2;128;80;47m [0m[48;2;122;78;45m [0m[48;2;127;80;48m [0m[48;2;122;74;44m [0m[48;2;113;70;40m [0m[48;2;103;67;37m [0m[48;2;103;62;36m [0m[48;2;97;55;30m [0m[48;2;92;51;25m [0m[48;2;84;47;19m [0m[48;2;77;38;13m [0m[48;2;76;36;10m [0m[48;2;65;30;3m [0m[48;2;55;25;5m [0m[48;2;50;23;0m [0m[48;2;36;12;0m [0m
[48;2;150;96;62m [0m[48;2;155;100;62m [0m[48;2;160;103;73m [0m[48;2;163;103;73m [0m[48;2;168;108;78m [0m[48;2;168;109;77m [0m[48;2;169;110;80m [0m[48;2;166;108;78m [0m[48;2;170;112;79m [0m[48;2;178;118;88m [0m[48;2;180;119;88m [0m[48;2;176;116;86m [0m[48;2;169;113;86m [0m[48;2;175;121;89m [0m[48;2;175;120;84m [0m[48;2;184;119;84m [0m[48;2;182;121;83m [0m[48;2;180;120;84m [0m[48;2;178;119;83m [0m[48;2;191;133;96m [0m[48;2;167;124;104m [0m[48;2;112;92;84m [0m[48;2;142;115;106m [0m[48;2;124;89;79m [0m[48;2;146;114;96m [0m[48;2;180;140;118m [0m[48;2;202;152;126m [0m[48;2;205;162;136m [0m[48;2;198;154;128m [0m[48;2;203;164;139m [0m[48;2;204;173;154m [0m[48;2;208;172;144m [0m[48;2;196;154;125m [0m[48;2;192;144;116m [0m[48;2;200;146;113m [0m[48;2;176;128;104m [0m[48;2;131;96;83m [0m[48;2;107;79;70m [0m[48;2;133;95;76m [0m[48;2;198;139;109m [0m[48;2;199;138;102m [0m[48;2;193;145;102m [0m[48;2;198;143;102m [0m[48;2;198;138;101m [0m[48;2;194;131;94m [0m[48;2;196;136;94m [0m[48;2;188;127;84m [0m[48;2;188;114;78m [0m[48;2;193;120;82m [0m[48;2;191;119;77m [0m[48;2;190;119;76m [0m[48;2;185;115;68m [0m[48;2;185;106;64m [0m[48;2;194;132;86m [0m[48;2;161;98;56m [0m[48;2;191;133;86m [0m[48;2;173;115;89m [0m[48;2;176;118;94m [0m[48;2;193;142;118m [0m[48;2;170;130;108m [0m[48;2;156;124;98m [0m[48;2;204;150;119m [0m[48;2;203;157;128m [0m[48;2;199;163;130m [0m[48;2;203;156;124m [0m[48;2;198;145;119m [0m[48;2;188;149;127m [0m[48;2;181;134;109m [0m[48;2;193;145;107m [0m[48;2;196;161;139m [0m[48;2;166;125;109m [0m[48;2;196;133;94m [0m[48;2;166;130;109m [0m[48;2;168;131;112m [0m[48;2;212;166;132m [0m[48;2;200;152;120m [0m[48;2;209;151;115m [0m[48;2;173;83;26m [0m[48;2;160;109;77m [0m[48;2;85;64;56m [0m[48;2;190;139;115m [0m[48;2;193;139;107m [0m[48;2;199;140;110m [0m[48;2;190;136;104m [0m[48;2;184;130;95m [0m[48;2;190;130;94m [0m[48;2;187;126;91m [0m[48;2;173;113;80m [0m[48;2;161;109;78m [0m[48;2;168;119;91m [0m[48;2;148;95;64m [0m[48;2;157;112;77m [0m[48;2;157;106;77m [0m[48;2;168;108;80m [0m[48;2;169;115;86m [0m[48;2;172;113;83m [0m[48;2;170;110;80m [0m[48;2;155;100;74m [0m[48;2;162;106;77m [0m[48;2;160;104;76m [0m[48;2;156;101;71m [0m[48;2;149;94;65m [0m[48;2;149;94;64m [0m[48;2;148;91;60m [0m[48;2;140;88;55m [0m[48;2;128;82;50m [0m[48;2;124;76;45m [0m[48;2;121;74;40m [0m[48;2;116;73;36m [0m[48;2;109;70;37m [0m[48;2;102;59;29m [0m[48;2;95;53;25m [0m[48;2;86;45;17m [0m[48;2;82;41;10m [0m[48;2;76;36;11m [0m[48;2;74;35;13m [0m[48;2;64;26;8m [0m[48;2;51;20;6m [0m[48;2;45;20;0m [0m[48;2;35;14;0m [0m
[48;2;152;96;67m [0m[48;2;163;101;70m [0m[48;2;163;103;74m [0m[48;2;162;104;74m [0m[48;2;158;103;74m [0m[48;2;164;108;74m [0m[48;2;161;107;71m [0m[48;2;119;79;55m [0m[48;2;136;91;68m [0m[48;2;176;113;79m [0m[48;2;169;110;80m [0m[48;2;172;115;82m [0m[48;2;174;114;79m [0m[48;2;173;110;79m [0m[48;2;175;113;79m [0m[48;2;176;116;78m [0m[48;2;176;113;72m [0m[48;2;179;116;78m [0m[48;2;182;122;86m [0m[48;2;179;121;83m [0m[48;2;169;112;79m [0m[48;2;169;115;86m [0m[48;2;142;98;83m [0m[48;2;157;115;92m [0m[48;2;181;132;102m [0m[48;2;187;136;108m [0m[48;2;198;146;116m [0m[48;2;197;149;116m [0m[48;2;194;152;124m [0m[48;2;200;158;136m [0m[48;2;194;150;125m [0m[48;2;203;160;128m [0m[48;2;202;163;137m [0m[48;2;204;164;139m [0m[48;2;197;154;126m [0m[48;2;194;151;118m [0m[48;2;186;133;100m [0m[48;2;174;121;94m [0m[48;2;164;115;91m [0m[48;2;194;138;104m [0m[48;2;198;139;101m [0m[48;2;192;136;101m [0m[48;2;196;146;114m [0m[48;2;192;144;108m [0m[48;2;204;144;114m [0m[48;2;202;146;115m [0m[48;2;180;132;97m [0m[48;2;133;98;76m [0m[48;2;120;86;73m [0m[48;2;186;130;96m [0m[48;2;193;133;95m [0m[48;2;190;136;97m [0m[48;2;179;114;73m [0m[48;2;181;110;65m [0m[48;2;182;115;73m [0m[48;2;173;110;85m [0m[48;2;155;106;83m [0m[48;2;164;113;94m [0m[48;2;191;127;95m [0m[48;2;176;127;97m [0m[48;2;154;104;79m [0m[48;2;191;134;97m [0m[48;2;185;130;94m [0m[48;2;190;133;100m [0m[48;2;186;132;98m [0m[48;2;193;137;103m [0m[48;2;188;127;96m [0m[48;2;190;125;92m [0m[48;2;216;154;124m [0m[48;2;152;122;108m [0m[48;2;164;118;98m [0m[48;2;200;134;102m [0m[48;2;187;138;104m [0m[48;2;178;132;102m [0m[48;2;204;151;126m [0m[48;2;198;146;110m [0m[48;2;173;112;61m [0m[48;2;188;118;72m [0m[48;2;138;94;71m [0m[48;2;114;83;73m [0m[48;2;188;136;107m [0m[48;2;194;138;106m [0m[48;2;187;132;101m [0m[48;2;185;130;95m [0m[48;2;186;132;96m [0m[48;2;182;127;91m [0m[48;2;184;122;91m [0m[48;2;191;128;97m [0m[48;2;190;130;95m [0m[48;2;175;121;84m [0m[48;2;172;118;82m [0m[48;2;179;120;86m [0m[48;2;172;115;82m [0m[48;2;162;110;79m [0m[48;2;149;101;71m [0m[48;2;168;109;77m [0m[48;2;164;107;78m [0m[48;2;154;98;70m [0m[48;2;158;104;70m [0m[48;2;161;106;72m [0m[48;2;155;97;66m [0m[48;2;155;97;66m [0m[48;2;154;97;67m [0m[48;2;144;90;61m [0m[48;2;138;85;58m [0m[48;2;138;86;56m [0m[48;2;126;83;47m [0m[48;2;109;73;41m [0m[48;2;103;66;38m [0m[48;2;113;72;43m [0m[48;2;108;62;31m [0m[48;2;91;51;24m [0m[48;2;83;47;19m [0m[48;2;78;38;10m [0m[48;2;66;32;8m [0m[48;2;62;32;8m [0m[48;2;55;28;3m [0m[48;2;45;24;3m [0m[48;2;44;18;0m [0m[48;2;32;8;0m [0m
[48;2;152;98;70m [0m[48;2;158;101;70m [0m[48;2;161;101;64m [0m[48;2;164;103;67m [0m[48;2;156;102;71m [0m[48;2;160;107;77m [0m[48;2;164;109;78m [0m[48;2;164;108;77m [0m[48;2;163;110;84m [0m[48;2;161;104;73m [0m[48;2;162;104;66m [0m[48;2;163;106;66m [0m[48;2;168;104;70m [0m[48;2;173;106;71m [0m[48;2;173;106;72m [0m[48;2;174;107;71m [0m[48;2;173;108;72m [0m[48;2;175;110;74m [0m[48;2;178;112;78m [0m[48;2;178;114;78m [0m[48;2;188;125;88m [0m[48;2;194;130;94m [0m[48;2;191;130;92m [0m[48;2;187;132;95m [0m[48;2;193;133;98m [0m[48;2;192;136;104m [0m[48;2;192;140;114m [0m[48;2;198;148;118m [0m[48;2;197;151;125m [0m[48;2;200;160;132m [0m[48;2;216;176;151m [0m[48;2;209;169;149m [0m[48;2;202;162;137m [0m[48;2;202;158;130m [0m[48;2;197;151;121m [0m[48;2;194;148;119m [0m[48;2;202;157;125m [0m[48;2;196;148;119m [0m[48;2;200;151;120m [0m[48;2;185;139;101m [0m[48;2;186;139;98m [0m[48;2;188;136;98m [0m[48;2;190;134;100m [0m[48;2;194;136;106m [0m[48;2;192;138;107m [0m[48;2;191;139;108m [0m[48;2;202;149;114m [0m[48;2;187;139;107m [0m[48;2;176;130;98m [0m[48;2;198;145;113m [0m[48;2;202;146;114m [0m[48;2;197;148;112m [0m[48;2;197;146;113m [0m[48;2;204;149;118m [0m[48;2;202;146;116m [0m[48;2;192;144;113m [0m[48;2;197;149;120m [0m[48;2;200;148;118m [0m[48;2;203;148;115m [0m[48;2;202;142;112m [0m[48;2;203;152;119m [0m[48;2;188;143;110m [0m[48;2;193;139;107m [0m[48;2;196;140;114m [0m[48;2;188;134;110m [0m[48;2;185;130;102m [0m[48;2;185;128;96m [0m[48;2;194;142;110m [0m[48;2;187;130;107m [0m[48;2;175;124;103m [0m[48;2;192;140;112m [0m[48;2;192;136;101m [0m[48;2;194;136;101m [0m[48;2;193;136;106m [0m[48;2;196;139;112m [0m[48;2;184;127;97m [0m[48;2;188;126;89m [0m[48;2;188;134;106m [0m[48;2;157;110;94m [0m[48;2;194;138;110m [0m[48;2;194;140;108m [0m[48;2;191;138;108m [0m[48;2;187;132;101m [0m[48;2;187;133;102m [0m[48;2;190;134;104m [0m[48;2;185;128;100m [0m[48;2;186;125;98m [0m[48;2;184;124;91m [0m[48;2;182;124;94m [0m[48;2;181;126;95m [0m[48;2;170;115;84m [0m[48;2;173;116;89m [0m[48;2;174;118;90m [0m[48;2;170;114;85m [0m[48;2;158;104;77m [0m[48;2;173;113;83m [0m[48;2;146;96;68m [0m[48;2;119;80;55m [0m[48;2;158;107;72m [0m[48;2;148;92;59m [0m[48;2;146;94;64m [0m[48;2;145;94;65m [0m[48;2;128;83;56m [0m[48;2;124;77;54m [0m[48;2;131;80;56m [0m[48;2;126;83;58m [0m[48;2;114;77;53m [0m[48;2;119;78;47m [0m[48;2;110;71;40m [0m[48;2;102;67;36m [0m[48;2;101;59;35m [0m[48;2;92;54;28m [0m[48;2;84;50;19m [0m[48;2;83;47;16m [0m[48;2;66;37;11m [0m[48;2;58;30;5m [0m[48;2;51;26;5m [0m[48;2;42;23;8m [0m[48;2;42;19;0m [0m[48;2;34;12;0m [0m
[48;2;149;97;68m [0m[48;2;154;94;62m [0m[48;2;158;101;67m [0m[48;2;163;106;73m [0m[48;2;161;107;80m [0m[48;2;157;108;79m [0m[48;2;164;110;80m [0m[48;2;167;107;79m [0m[48;2;167;110;80m [0m[48;2;163;109;76m [0m[48;2;163;109;72m [0m[48;2;162;104;67m [0m[48;2;164;107;76m [0m[48;2;167;109;77m [0m[48;2;181;115;80m [0m[48;2;144;89;66m [0m[48;2;140;90;72m [0m[48;2;176;112;77m [0m[48;2;170;110;76m [0m[48;2;170;110;76m [0m[48;2;175;114;77m [0m[48;2;179;115;79m [0m[48;2;176;114;82m [0m[48;2;175;120;92m [0m[48;2;188;128;95m [0m[48;2;199;138;107m [0m[48;2;194;146;120m [0m[48;2;191;148;124m [0m[48;2;190;137;108m [0m[48;2;200;146;112m [0m[48;2;204;158;130m [0m[48;2;149;113;100m [0m[48;2;172;136;116m [0m[48;2;202;162;137m [0m[48;2;194;151;126m [0m[48;2;193;154;127m [0m[48;2;197;161;134m [0m[48;2;194;161;131m [0m[48;2;196;161;128m [0m[48;2;191;148;124m [0m[48;2;197;152;130m [0m[48;2;209;169;137m [0m[48;2;197;145;108m [0m[48;2;190;136;104m [0m[48;2;190;137;107m [0m[48;2;188;133;104m [0m[48;2;194;139;112m [0m[48;2;194;138;109m [0m[48;2;203;148;113m [0m[48;2;191;137;101m [0m[48;2;192;136;102m [0m[48;2;197;142;104m [0m[48;2;202;146;116m [0m[48;2;197;144;116m [0m[48;2;196;144;112m [0m[48;2;199;154;119m [0m[48;2;200;151;120m [0m[48;2;208;155;127m [0m[48;2;203;151;124m [0m[48;2;198;150;120m [0m[48;2;199;149;124m [0m[48;2;202;149;128m [0m[48;2;209;155;133m [0m[48;2;202;148;125m [0m[48;2;202;150;127m [0m[48;2;203;152;130m [0m[48;2;200;149;127m [0m[48;2;200;148;126m [0m[48;2;196;140;114m [0m[48;2;205;144;113m [0m[48;2;206;149;118m [0m[48;2;204;150;120m [0m[48;2;205;151;125m [0m[48;2;200;145;116m [0m[48;2;202;146;110m [0m[48;2;199;146;114m [0m[48;2;200;150;122m [0m[48;2;196;146;115m [0m[48;2;200;149;113m [0m[48;2;202;142;109m [0m[48;2;198;137;108m [0m[48;2;190;132;97m [0m[48;2;192;130;89m [0m[48;2;188;127;91m [0m[48;2;188;128;95m [0m[48;2;190;131;91m [0m[48;2;187;127;86m [0m[48;2;182;128;89m [0m[48;2;173;116;92m [0m[48;2;174;120;96m [0m[48;2;174;120;94m [0m[48;2;162;110;80m [0m[48;2;164;110;85m [0m[48;2;161;104;88m [0m[48;2;154;104;80m [0m[48;2;158;104;73m [0m[48;2;160;102;71m [0m[48;2;139;85;61m [0m[48;2;143;90;62m [0m[48;2;142;89;61m [0m[48;2;115;76;60m [0m[48;2;110;71;56m [0m[48;2;125;78;56m [0m[48;2;116;72;50m [0m[48;2;115;72;51m [0m[48;2;119;72;47m [0m[48;2;106;68;43m [0m[48;2;110;73;50m [0m[48;2;124;82;49m [0m[48;2;108;67;35m [0m[48;2;108;64;34m [0m[48;2;102;59;30m [0m[48;2;92;51;20m [0m[48;2;83;45;14m [0m[48;2;72;40;13m [0m[48;2;64;31;7m [0m[48;2;59;28;6m [0m[48;2;47;22;3m [0m[48;2;48;20;0m [0m[48;2;45;18;0m [0m
[48;2;148;98;68m [0m[48;2;154;96;60m [0m[48;2;156;98;67m [0m[48;2;157;106;72m [0m[48;2;162;108;80m [0m[48;2;162;110;82m [0m[48;2;163;108;79m [0m[48;2;166;106;79m [0m[48;2;164;108;79m [0m[48;2;168;113;84m [0m[48;2;168;112;83m [0m[48;2;166;104;76m [0m[48;2;168;107;78m [0m[48;2;168;108;77m [0m[48;2;173;113;82m [0m[48;2;167;107;80m [0m[48;2;163;103;77m [0m[48;2;167;106;76m [0m[48;2;169;110;78m [0m[48;2;169;113;82m [0m[48;2;167;110;74m [0m[48;2;179;121;85m [0m[48;2;181;124;92m [0m[48;2;176;124;95m [0m[48;2;160;112;88m [0m[48;2;150;108;89m [0m[48;2;184;132;109m [0m[48;2;191;142;114m [0m[48;2;190;143;116m [0m[48;2;186;140;112m [0m[48;2;192;146;115m [0m[48;2;194;148;120m [0m[48;2;185;136;107m [0m[48;2;188;138;108m [0m[48;2;191;142;113m [0m[48;2;199;154;127m [0m[48;2;194;149;124m [0m[48;2;196;146;120m [0m[48;2;192;144;118m [0m[48;2;188;149;126m [0m[48;2;190;149;128m [0m[48;2;194;149;127m [0m[48;2;179;143;115m [0m[48;2;168;131;107m [0m[48;2;191;145;115m [0m[48;2;192;140;108m [0m[48;2;186;133;102m [0m[48;2;191;137;108m [0m[48;2;166;121;98m [0m[48;2;169;126;100m [0m[48;2;194;136;101m [0m[48;2;192;130;97m [0m[48;2;187;134;100m [0m[48;2;184;128;90m [0m[48;2;192;134;101m [0m[48;2;178;127;102m [0m[48;2;192;139;115m [0m[48;2;190;136;112m [0m[48;2;197;143;120m [0m[48;2;196;142;119m [0m[48;2;197;142;119m [0m[48;2;198;143;120m [0m[48;2;197;143;120m [0m[48;2;194;144;120m [0m[48;2;196;149;124m [0m[48;2;200;154;127m [0m[48;2;199;150;125m [0m[48;2;198;146;125m [0m[48;2;194;145;118m [0m[48;2;193;143;112m [0m[48;2;199;142;115m [0m[48;2;196;140;119m [0m[48;2;194;143;118m [0m[48;2;194;140;110m [0m[48;2;193;134;107m [0m[48;2;196;136;112m [0m[48;2;194;137;107m [0m[48;2;197;138;104m [0m[48;2;192;132;98m [0m[48;2;188;127;94m [0m[48;2;188;126;92m [0m[48;2;194;128;91m [0m[48;2;190;122;82m [0m[48;2;184;121;85m [0m[48;2;181;118;89m [0m[48;2;170;115;89m [0m[48;2;148;102;74m [0m[48;2;132;94;71m [0m[48;2;144;98;76m [0m[48;2;143;97;71m [0m[48;2;158;103;77m [0m[48;2;152;101;76m [0m[48;2;145;94;70m [0m[48;2;151;96;70m [0m[48;2;138;90;66m [0m[48;2;104;67;45m [0m[48;2;118;78;54m [0m[48;2;146;94;68m [0m[48;2;140;86;65m [0m[48;2;138;88;60m [0m[48;2;125;79;56m [0m[48;2;134;82;60m [0m[48;2;132;80;56m [0m[48;2;124;79;59m [0m[48;2;131;84;58m [0m[48;2;122;82;47m [0m[48;2;118;80;50m [0m[48;2;110;73;51m [0m[48;2;115;76;43m [0m[48;2;118;71;40m [0m[48;2;107;64;37m [0m[48;2;103;66;38m [0m[48;2;92;59;28m [0m[48;2;84;48;17m [0m[48;2;84;43;19m [0m[48;2;73;34;12m [0m[48;2;60;28;7m [0m[48;2;50;26;8m [0m[48;2;45;19;0m [0m[48;2;41;12;0m [0m
[48;2;148;100;77m [0m[48;2;152;101;68m [0m[48;2;156;102;72m [0m[48;2;156;102;73m [0m[48;2;162;109;79m [0m[48;2;164;109;80m [0m[48;2;161;106;78m [0m[48;2;163;110;82m [0m[48;2;161;108;79m [0m[48;2;163;110;82m [0m[48;2;162;108;80m [0m[48;2;160;106;76m [0m[48;2;161;107;78m [0m[48;2;157;102;73m [0m[48;2;162;106;77m [0m[48;2;164;109;78m [0m[48;2;163;108;77m [0m[48;2;167;110;82m [0m[48;2;163;108;79m [0m[48;2;163;109;79m [0m[48;2;161;107;76m [0m[48;2;162;107;77m [0m[48;2;166;110;80m [0m[48;2;169;114;84m [0m[48;2;145;101;76m [0m[48;2;132;95;73m [0m[48;2;174;124;97m [0m[48;2;181;132;104m [0m[48;2;178;133;109m [0m[48;2;176;136;115m [0m[48;2;188;149;126m [0m[48;2;185;146;118m [0m[48;2;192;154;125m [0m[48;2;187;144;118m [0m[48;2;185;138;113m [0m[48;2;187;143;120m [0m[48;2;188;144;119m [0m[48;2;191;146;121m [0m[48;2;197;152;128m [0m[48;2;197;149;126m [0m[48;2;196;151;128m [0m[48;2;186;148;125m [0m[48;2;185;151;128m [0m[48;2;181;144;122m [0m[48;2;188;154;133m [0m[48;2;186;154;133m [0m[48;2;176;143;113m [0m[48;2;180;142;119m [0m[48;2;127;96;83m [0m[48;2;158;115;85m [0m[48;2;179;125;86m [0m[48;2;179;130;95m [0m[48;2;178;128;102m [0m[48;2;178;127;101m [0m[48;2;180;127;96m [0m[48;2;180;120;90m [0m[48;2;178;121;95m [0m[48;2;182;127;101m [0m[48;2;185;128;108m [0m[48;2;187;131;108m [0m[48;2;193;136;112m [0m[48;2;182;125;98m [0m[48;2;188;133;102m [0m[48;2;186;136;102m [0m[48;2;184;134;102m [0m[48;2;190;138;108m [0m[48;2;192;136;108m [0m[48;2;191;136;112m [0m[48;2;191;138;115m [0m[48;2;188;137;115m [0m[48;2;188;139;116m [0m[48;2;186;134;113m [0m[48;2;190;134;110m [0m[48;2;188;132;104m [0m[48;2;191;134;107m [0m[48;2;190;134;104m [0m[48;2;185;131;100m [0m[48;2;186;132;101m [0m[48;2;187;130;101m [0m[48;2;182;122;95m [0m[48;2;176;120;89m [0m[48;2;180;124;90m [0m[48;2;160;109;74m [0m[48;2;169;114;79m [0m[48;2;168;114;85m [0m[48;2;161;109;82m [0m[48;2;130;84;68m [0m[48;2;142;92;71m [0m[48;2;143;97;72m [0m[48;2;102;70;51m [0m[48;2;119;82;60m [0m[48;2;160;101;76m [0m[48;2;155;98;74m [0m[48;2;152;96;72m [0m[48;2;138;88;65m [0m[48;2;108;71;54m [0m[48;2;115;77;56m [0m[48;2;143;96;71m [0m[48;2;143;95;66m [0m[48;2;146;92;62m [0m[48;2;143;85;56m [0m[48;2;145;88;56m [0m[48;2;137;83;53m [0m[48;2;127;83;56m [0m[48;2;136;86;55m [0m[48;2;131;79;50m [0m[48;2;119;72;48m [0m[48;2;116;72;48m [0m[48;2;109;67;42m [0m[48;2;106;67;40m [0m[48;2;98;61;35m [0m[48;2;98;60;34m [0m[48;2;97;58;30m [0m[48;2;90;51;24m [0m[48;2;83;45;18m [0m[48;2;76;40;11m [0m[48;2;64;31;6m [0m[48;2;55;26;6m [0m[48;2;47;20;0m [0m[48;2;41;14;0m [0m
[48;2;155;101;71m [0m[48;2;162;106;68m [0m[48;2;167;108;74m [0m[48;2;168;109;77m [0m[48;2;163;104;74m [0m[48;2;166;110;79m [0m[48;2;172;114;82m [0m[48;2;174;109;79m [0m[48;2;175;114;83m [0m[48;2;175;115;84m [0m[48;2;172;113;79m [0m[48;2;170;112;76m [0m[48;2;173;109;74m [0m[48;2;170;106;70m [0m[48;2;169;106;67m [0m[48;2;167;103;66m [0m[48;2;170;107;68m [0m[48;2;175;110;73m [0m[48;2;175;113;74m [0m[48;2;172;113;77m [0m[48;2;173;114;82m [0m[48;2;176;114;82m [0m[48;2;178;115;79m [0m[48;2;176;114;78m [0m[48;2;182;119;80m [0m[48;2;188;126;91m [0m[48;2;178;124;95m [0m[48;2;174;124;96m [0m[48;2;174;132;102m [0m[48;2;174;138;103m [0m[48;2;175;142;109m [0m[48;2;188;144;124m [0m[48;2;191;146;120m [0m[48;2;193;152;126m [0m[48;2;197;155;133m [0m[48;2;196;149;130m [0m[48;2;190;145;116m [0m[48;2;192;151;120m [0m[48;2;197;157;132m [0m[48;2;198;150;127m [0m[48;2;197;150;127m [0m[48;2;194;150;125m [0m[48;2;194;149;122m [0m[48;2;199;150;121m [0m[48;2;191;148;121m [0m[48;2;194;151;130m [0m[48;2;197;152;130m [0m[48;2;191;152;121m [0m[48;2;196;156;124m [0m[48;2;198;157;127m [0m[48;2;187;149;120m [0m[48;2;181;144;118m [0m[48;2;182;137;107m [0m[48;2;181;136;106m [0m[48;2;175;134;104m [0m[48;2;175;122;95m [0m[48;2;181;128;97m [0m[48;2;178;126;92m [0m[48;2;176;126;92m [0m[48;2;179;130;98m [0m[48;2;188;131;96m [0m[48;2;188;126;91m [0m[48;2;187;131;100m [0m[48;2;188;131;100m [0m[48;2;188;131;101m [0m[48;2;188;133;102m [0m[48;2;191;134;101m [0m[48;2;190;137;104m [0m[48;2;188;140;109m [0m[48;2;187;142;114m [0m[48;2;185;137;108m [0m[48;2;185;131;103m [0m[48;2;192;133;103m [0m[48;2;187;127;96m [0m[48;2;187;130;97m [0m[48;2;193;136;104m [0m[48;2;188;132;100m [0m[48;2;187;131;98m [0m[48;2;185;128;92m [0m[48;2;184;127;89m [0m[48;2;185;125;88m [0m[48;2;186;124;92m [0m[48;2;180;122;88m [0m[48;2;179;119;85m [0m[48;2;174;115;80m [0m[48;2;180;119;82m [0m[48;2;162;107;82m [0m[48;2;173;108;77m [0m[48;2;174;113;83m [0m[48;2;179;115;88m [0m[48;2;166;112;83m [0m[48;2;180;113;83m [0m[48;2;169;110;76m [0m[48;2;162;106;71m [0m[48;2;172;112;78m [0m[48;2;174;114;77m [0m[48;2;173;109;71m [0m[48;2;167;103;70m [0m[48;2;162;104;71m [0m[48;2;157;101;68m [0m[48;2;156;96;64m [0m[48;2;151;92;60m [0m[48;2;144;86;54m [0m[48;2;148;88;55m [0m[48;2;143;85;53m [0m[48;2;139;86;50m [0m[48;2;124;82;44m [0m[48;2;118;74;41m [0m[48;2;115;70;38m [0m[48;2;110;67;36m [0m[48;2;109;64;32m [0m[48;2;102;59;29m [0m[48;2;96;55;26m [0m[48;2;94;53;25m [0m[48;2;89;50;22m [0m[48;2;82;43;12m [0m[48;2;71;37;5m [0m[48;2;62;34;7m [0m[48;2;55;26;6m [0m[48;2;49;20;1m [0m
[48;2;76;51;42m [0m[48;2;76;53;40m [0m[48;2;77;53;45m [0m[48;2;77;54;48m [0m[48;2;77;54;45m [0m[48;2;79;59;49m [0m[48;2;85;60;54m [0m[48;2;88;54;51m [0m[48;2;85;56;54m [0m[48;2;88;60;51m [0m[48;2;83;55;43m [0m[48;2;83;56;44m [0m[48;2;85;55;42m [0m[48;2;86;53;40m [0m[48;2;83;53;40m [0m[48;2;76;53;36m [0m[48;2;79;51;37m [0m[48;2;86;58;43m [0m[48;2;90;61;47m [0m[48;2;85;58;44m [0m[48;2;88;59;51m [0m[48;2;91;59;51m [0m[48;2;89;58;47m [0m[48;2;84;59;48m [0m[48;2;88;59;47m [0m[48;2;85;59;50m [0m[48;2;88;65;60m [0m[48;2;91;70;65m [0m[48;2;86;71;64m [0m[48;2;88;72;67m [0m[48;2;92;73;71m [0m[48;2;96;76;73m [0m[48;2;96;77;73m [0m[48;2;95;77;72m [0m[48;2;94;76;71m [0m[48;2;92;74;67m [0m[48;2;91;74;67m [0m[48;2;96;77;73m [0m[48;2;97;78;77m [0m[48;2;98;80;78m [0m[48;2;92;73;76m [0m[48;2;94;76;74m [0m[48;2;96;79;72m [0m[48;2;92;73;67m [0m[48;2;95;77;70m [0m[48;2;95;77;70m [0m[48;2;96;78;71m [0m[48;2;96;79;72m [0m[48;2;94;77;71m [0m[48;2;96;78;73m [0m[48;2;98;80;74m [0m[48;2;94;78;74m [0m[48;2;89;76;71m [0m[48;2;92;78;76m [0m[48;2;98;78;80m [0m[48;2;91;68;66m [0m[48;2;90;70;65m [0m[48;2;88;68;64m [0m[48;2;83;65;58m [0m[48;2;83;67;60m [0m[48;2;82;64;51m [0m[48;2;86;66;51m [0m[48;2;88;65;55m [0m[48;2;89;65;55m [0m[48;2;89;68;55m [0m[48;2;84;66;55m [0m[48;2;92;73;68m [0m[48;2;94;74;66m [0m[48;2;90;71;61m [0m[48;2;90;72;62m [0m[48;2;88;68;61m [0m[48;2;90;66;54m [0m[48;2;94;65;54m [0m[48;2;91;62;55m [0m[48;2;88;65;54m [0m[48;2;92;71;59m [0m[48;2;86;65;51m [0m[48;2;85;62;50m [0m[48;2;86;60;50m [0m[48;2;89;62;54m [0m[48;2;91;66;58m [0m[48;2;90;65;55m [0m[48;2;98;64;59m [0m[48;2;95;62;55m [0m[48;2;90;61;53m [0m[48;2;88;58;50m [0m[48;2;94;61;49m [0m[48;2;89;60;53m [0m[48;2;86;60;53m [0m[48;2;86;59;49m [0m[48;2;89;61;51m [0m[48;2;83;56;44m [0m[48;2;83;54;42m [0m[48;2;88;59;45m [0m[48;2;84;56;43m [0m[48;2;82;54;43m [0m[48;2;82;53;41m [0m[48;2;79;49;38m [0m[48;2;79;51;45m [0m[48;2;77;49;47m [0m[48;2;76;49;42m [0m[48;2;74;49;35m [0m[48;2;71;45;31m [0m[48;2;71;44;37m [0m[48;2;70;43;38m [0m[48;2;65;43;34m [0m[48;2;59;43;30m [0m[48;2;55;40;26m [0m[48;2;54;36;24m [0m[48;2;53;34;23m [0m[48;2;53;34;25m [0m[48;2;51;32;23m [0m[48;2;50;29;19m [0m[48;2;43;23;16m [0m[48;2;38;24;16m [0m[48;2;38;26;13m [0m[48;2;34;19;10m [0m[48;2;31;14;12m [0m[48;2;26;13;8m [0m[48;2;20;10;6m [0m
